Archive member included because of file (symbol)

./libbacnet.a(crc.o)          dlmstp.o (CRC_Calc_Header)
./libbacnet.a(npdu.o)         h_rp.o (npdu_encode_pdu)
./libbacnet.a(bacdcode.o)     apdu.o (decode_max_segs)
./libbacnet.a(bacint.o)       ./libbacnet.a(npdu.o) (encode_unsigned16)
./libbacnet.a(bacreal.o)      ./libbacnet.a(bacdcode.o) (encode_bacnet_real)
./libbacnet.a(bacstr.o)       device.o (bitstring_init)
./libbacnet.a(iam.o)          ../../demo/handler/s_iam.o (iam_encode_apdu)
./libbacnet.a(rp.o)           h_rp.o (rp_decode_service_request)
./libbacnet.a(wp.o)           h_wp.o (wp_decode_service_request)
./libbacnet.a(whois.o)        h_whois.o (whois_decode_service_request)
./libbacnet.a(bacaddr.o)      ../../demo/handler/s_iam.o (bacnet_address_copy)
./libbacnet.a(abort.o)        h_rp.o (abort_encode_apdu)
./libbacnet.a(reject.o)       ../../demo/handler/noserv.o (reject_encode_apdu)
./libbacnet.a(bacerror.o)     h_rp.o (bacerror_encode_apdu)
./libbacnet.a(bacapp.o)       device.o (bacapp_decode_application_data)
/usr/local/CrossPack-AVR-20131216/lib/gcc/avr/4.8.1/avr5/libgcc.a(_divmodhi4.o)
                              dlmstp.o (__divmodhi4)
/usr/local/CrossPack-AVR-20131216/lib/gcc/avr/4.8.1/avr5/libgcc.a(_udivmodsi4.o)
                              rs485.o (__udivmodsi4)
/usr/local/CrossPack-AVR-20131216/lib/gcc/avr/4.8.1/avr5/libgcc.a(_exit.o)
                              /usr/local/CrossPack-AVR-20131216/lib/gcc/avr/4.8.1/../../../../avr/lib/avr5/crtm168.o (exit)
/usr/local/CrossPack-AVR-20131216/lib/gcc/avr/4.8.1/avr5/libgcc.a(_tablejump.o)
                              dlmstp.o (__tablejump2__)
/usr/local/CrossPack-AVR-20131216/lib/gcc/avr/4.8.1/avr5/libgcc.a(_copy_data.o)
                              main.o (__do_copy_data)
/usr/local/CrossPack-AVR-20131216/lib/gcc/avr/4.8.1/avr5/libgcc.a(_clear_bss.o)
                              main.o (__do_clear_bss)
/usr/local/CrossPack-AVR-20131216/lib/gcc/avr/4.8.1/avr5/libgcc.a(_prologue.o)
                              main.o (__prologue_saves__)
/usr/local/CrossPack-AVR-20131216/lib/gcc/avr/4.8.1/avr5/libgcc.a(_epilogue.o)
                              dlmstp.o (__epilogue_restores__)
/usr/local/CrossPack-AVR-20131216/lib/gcc/avr/4.8.1/avr5/libgcc.a(_udivmodhi4.o)
                              /usr/local/CrossPack-AVR-20131216/lib/gcc/avr/4.8.1/avr5/libgcc.a(_divmodhi4.o) (__udivmodhi4)

Allocating common symbols
Common symbol       size              file

AV_Present_Value    0x28              av.o

Discarded input sections

 .bss           0x00000000        0x0 /usr/local/CrossPack-AVR-20131216/lib/gcc/avr/4.8.1/../../../../avr/lib/avr5/crtm168.o
 .text          0x00000000        0x0 main.o
 .bss           0x00000000        0x0 main.o
 .text.dcc_communication_enabled
                0x00000000        0x4 main.o
 .rodata.str1.1
                0x00000000        0x4 main.o
 .data.BACnet_Version
                0x00000000        0x2 main.o
 .text          0x00000000        0x0 timer.o
 .bss           0x00000000        0x0 timer.o
 .text          0x00000000        0x0 stack.o
 .bss           0x00000000        0x0 stack.o
 .text.stack_byte
                0x00000000        0xa stack.o
 .text          0x00000000        0x0 rs485.o
 .bss           0x00000000        0x0 rs485.o
 .text          0x00000000        0x0 dlmstp.o
 .bss           0x00000000        0x0 dlmstp.o
 .text.dlmstp_cleanup
                0x00000000        0x2 dlmstp.o
 .text.dlmstp_fill_bacnet_address
                0x00000000       0x3c dlmstp.o
 .text.dlmstp_mac_address
                0x00000000        0x6 dlmstp.o
 .text          0x00000000        0x0 apdu.o
 .bss           0x00000000        0x0 apdu.o
 .text          0x00000000        0x0 h_rp.o
 .bss           0x00000000        0x0 h_rp.o
 .text          0x00000000        0x0 device.o
 .bss           0x00000000        0x0 device.o
 .text.Device_Init
                0x00000000        0x2 device.o
 .text          0x00000000        0x0 av.o
 .bss           0x00000000        0x0 av.o
 .text.Analog_Value_Instance_To_Index
                0x00000000        0x4 av.o
 .text.Analog_Value_Name
                0x00000000        0xc av.o
 .text          0x00000000        0x0 bv.o
 .bss           0x00000000        0x0 bv.o
 .text.Binary_Value_Instance_To_Index
                0x00000000       0x14 bv.o
 .text          0x00000000        0x0 h_whois.o
 .bss           0x00000000        0x0 h_whois.o
 .text          0x00000000        0x0 h_wp.o
 .bss           0x00000000        0x0 h_wp.o
 .text          0x00000000        0x0 ../../demo/handler/txbuf.o
 .bss           0x00000000        0x0 ../../demo/handler/txbuf.o
 .text          0x00000000        0x0 ../../demo/handler/h_npdu.o
 .bss           0x00000000        0x0 ../../demo/handler/h_npdu.o
 .text          0x00000000        0x0 ../../demo/handler/s_iam.o
 .bss           0x00000000        0x0 ../../demo/handler/s_iam.o
 .text.Send_I_Am_To_Network
                0x00000000       0x6e ../../demo/handler/s_iam.o
 .text.Send_I_Am
                0x00000000       0x38 ../../demo/handler/s_iam.o
 .text.iam_unicast_encode_pdu
                0x00000000       0x6a ../../demo/handler/s_iam.o
 .text.Send_I_Am_Unicast
                0x00000000       0x38 ../../demo/handler/s_iam.o
 .text          0x00000000        0x0 ../../demo/handler/noserv.o
 .bss           0x00000000        0x0 ../../demo/handler/noserv.o
 .text          0x00000000        0x0 ./libbacnet.a(crc.o)
 .bss           0x00000000        0x0 ./libbacnet.a(crc.o)
 .text          0x00000000        0x0 ./libbacnet.a(npdu.o)
 .bss           0x00000000        0x0 ./libbacnet.a(npdu.o)
 .text.npdu_copy_data
                0x00000000       0x4c ./libbacnet.a(npdu.o)
 .text          0x00000000        0x0 ./libbacnet.a(bacdcode.o)
 .bss           0x00000000        0x0 ./libbacnet.a(bacdcode.o)
 .text.encode_max_segs_max_apdu
                0x00000000       0x84 ./libbacnet.a(bacdcode.o)
 .text.decode_tag_number_safe
                0x00000000       0x52 ./libbacnet.a(bacdcode.o)
 .text.decode_is_opening_tag
                0x00000000       0x10 ./libbacnet.a(bacdcode.o)
 .text.decode_is_closing_tag
                0x00000000       0x10 ./libbacnet.a(bacdcode.o)
 .text.decode_tag_number_and_value_safe
                0x00000000      0x11e ./libbacnet.a(bacdcode.o)
 .text.decode_is_context_tag_with_length
                0x00000000       0x3e ./libbacnet.a(bacdcode.o)
 .text.encode_context_boolean
                0x00000000       0x2e ./libbacnet.a(bacdcode.o)
 .text.decode_context_boolean
                0x00000000        0xe ./libbacnet.a(bacdcode.o)
 .text.decode_context_boolean2
                0x00000000       0x56 ./libbacnet.a(bacdcode.o)
 .text.decode_boolean
                0x00000000       0x10 ./libbacnet.a(bacdcode.o)
 .text.encode_application_null
                0x00000000        0xa ./libbacnet.a(bacdcode.o)
 .text.encode_context_null
                0x00000000       0x16 ./libbacnet.a(bacdcode.o)
 .text.decode_bitstring
                0x00000000       0xa8 ./libbacnet.a(bacdcode.o)
 .text.decode_context_bitstring
                0x00000000       0x60 ./libbacnet.a(bacdcode.o)
 .text.encode_context_bitstring
                0x00000000       0x4c ./libbacnet.a(bacdcode.o)
 .text.decode_context_object_id
                0x00000000       0x50 ./libbacnet.a(bacdcode.o)
 .text.encode_octet_string
                0x00000000       0x4e ./libbacnet.a(bacdcode.o)
 .text.encode_application_octet_string
                0x00000000       0x5a ./libbacnet.a(bacdcode.o)
 .text.encode_context_octet_string
                0x00000000       0x60 ./libbacnet.a(bacdcode.o)
 .text.decode_octet_string
                0x00000000       0x2a ./libbacnet.a(bacdcode.o)
 .text.decode_context_octet_string
                0x00000000       0x6e ./libbacnet.a(bacdcode.o)
 .text.encode_context_character_string
                0x00000000       0x5c ./libbacnet.a(bacdcode.o)
 .text.decode_context_character_string
                0x00000000       0x7e ./libbacnet.a(bacdcode.o)
 .text.decode_context_unsigned
                0x00000000       0x60 ./libbacnet.a(bacdcode.o)
 .text.decode_context_enumerated
                0x00000000       0x5c ./libbacnet.a(bacdcode.o)
 .text.encode_bacnet_enumerated
                0x00000000        0x6 ./libbacnet.a(bacdcode.o)
 .text.decode_signed
                0x00000000       0x74 ./libbacnet.a(bacdcode.o)
 .text.decode_context_signed
                0x00000000       0x60 ./libbacnet.a(bacdcode.o)
 .text.encode_bacnet_signed
                0x00000000       0x7e ./libbacnet.a(bacdcode.o)
 .text.encode_application_signed
                0x00000000       0x38 ./libbacnet.a(bacdcode.o)
 .text.encode_context_signed
                0x00000000       0x9c ./libbacnet.a(bacdcode.o)
 .text.encode_context_real
                0x00000000       0x3e ./libbacnet.a(bacdcode.o)
 .text.encode_application_double
                0x00000000       0x40 ./libbacnet.a(bacdcode.o)
 .text.encode_context_double
                0x00000000       0x3e ./libbacnet.a(bacdcode.o)
 .text.encode_bacnet_time
                0x00000000       0x24 ./libbacnet.a(bacdcode.o)
 .text.encode_application_time
                0x00000000       0x28 ./libbacnet.a(bacdcode.o)
 .text.encode_context_time
                0x00000000       0x40 ./libbacnet.a(bacdcode.o)
 .text.decode_bacnet_time
                0x00000000       0x24 ./libbacnet.a(bacdcode.o)
 .text.decode_bacnet_time_safe
                0x00000000       0x3a ./libbacnet.a(bacdcode.o)
 .text.decode_application_time
                0x00000000       0x52 ./libbacnet.a(bacdcode.o)
 .text.decode_context_bacnet_time
                0x00000000       0x60 ./libbacnet.a(bacdcode.o)
 .text.encode_bacnet_date
                0x00000000       0x42 ./libbacnet.a(bacdcode.o)
 .text.encode_application_date
                0x00000000       0x38 ./libbacnet.a(bacdcode.o)
 .text.encode_context_date
                0x00000000       0x3a ./libbacnet.a(bacdcode.o)
 .text.decode_date
                0x00000000       0x2e ./libbacnet.a(bacdcode.o)
 .text.decode_date_safe
                0x00000000       0x22 ./libbacnet.a(bacdcode.o)
 .text.decode_application_date
                0x00000000       0x3a ./libbacnet.a(bacdcode.o)
 .text.decode_context_date
                0x00000000       0x4c ./libbacnet.a(bacdcode.o)
 .text.encode_bacnet_address
                0x00000000       0x5e ./libbacnet.a(bacdcode.o)
 .text.decode_bacnet_address
                0x00000000       0xe2 ./libbacnet.a(bacdcode.o)
 .text.encode_context_bacnet_address
                0x00000000       0x42 ./libbacnet.a(bacdcode.o)
 .text.decode_context_bacnet_address
                0x00000000       0x4c ./libbacnet.a(bacdcode.o)
 .text          0x00000000        0x0 ./libbacnet.a(bacint.o)
 .bss           0x00000000        0x0 ./libbacnet.a(bacint.o)
 .text.encode_signed8
                0x00000000        0xa ./libbacnet.a(bacint.o)
 .text.decode_signed8
                0x00000000       0x44 ./libbacnet.a(bacint.o)
 .text.encode_signed16
                0x00000000        0xc ./libbacnet.a(bacint.o)
 .text.decode_signed16
                0x00000000       0x50 ./libbacnet.a(bacint.o)
 .text.encode_signed24
                0x00000000        0xe ./libbacnet.a(bacint.o)
 .text.decode_signed24
                0x00000000       0x60 ./libbacnet.a(bacint.o)
 .text.encode_signed32
                0x00000000       0x10 ./libbacnet.a(bacint.o)
 .text.decode_signed32
                0x00000000       0x52 ./libbacnet.a(bacint.o)
 .text          0x00000000        0x0 ./libbacnet.a(bacreal.o)
 .bss           0x00000000        0x0 ./libbacnet.a(bacreal.o)
 .text.decode_context_real
                0x00000000       0x4e ./libbacnet.a(bacreal.o)
 .text.decode_double
                0x00000000       0x3c ./libbacnet.a(bacreal.o)
 .text.decode_double_safe
                0x00000000       0x20 ./libbacnet.a(bacreal.o)
 .text.encode_bacnet_double
                0x00000000       0x42 ./libbacnet.a(bacreal.o)
 .text.decode_context_double
                0x00000000       0x4e ./libbacnet.a(bacreal.o)
 .text          0x00000000        0x0 ./libbacnet.a(bacstr.o)
 .bss           0x00000000        0x0 ./libbacnet.a(bacstr.o)
 .text.bitstring_bit
                0x00000000       0x38 ./libbacnet.a(bacstr.o)
 .text.bitstring_set_octet
                0x00000000       0x18 ./libbacnet.a(bacstr.o)
 .text.bitstring_set_bits_used
                0x00000000       0x18 ./libbacnet.a(bacstr.o)
 .text.bitstring_bits_capacity
                0x00000000        0xc ./libbacnet.a(bacstr.o)
 .text.bitstring_copy
                0x00000000       0x3a ./libbacnet.a(bacstr.o)
 .text.bitstring_same
                0x00000000       0x7e ./libbacnet.a(bacstr.o)
 .text.characterstring_copy
                0x00000000       0x26 ./libbacnet.a(bacstr.o)
 .text.characterstring_same
                0x00000000       0x76 ./libbacnet.a(bacstr.o)
 .text.characterstring_ansi_same
                0x00000000       0x78 ./libbacnet.a(bacstr.o)
 .text.characterstring_append
                0x00000000       0x4a ./libbacnet.a(bacstr.o)
 .text.characterstring_truncate
                0x00000000       0x18 ./libbacnet.a(bacstr.o)
 .text.characterstring_capacity
                0x00000000       0x10 ./libbacnet.a(bacstr.o)
 .text.characterstring_set_encoding
                0x00000000       0x10 ./libbacnet.a(bacstr.o)
 .text.characterstring_printable
                0x00000000       0x42 ./libbacnet.a(bacstr.o)
 .text.utf8_isvalid
                0x00000000       0xda ./libbacnet.a(bacstr.o)
 .text.characterstring_valid
                0x00000000       0x20 ./libbacnet.a(bacstr.o)
 .text.octetstring_init
                0x00000000       0x62 ./libbacnet.a(bacstr.o)
 .text.octetstring_copy
                0x00000000       0x1e ./libbacnet.a(bacstr.o)
 .text.octetstring_copy_value
                0x00000000       0x42 ./libbacnet.a(bacstr.o)
 .text.octetstring_append
                0x00000000       0x4a ./libbacnet.a(bacstr.o)
 .text.octetstring_truncate
                0x00000000       0x18 ./libbacnet.a(bacstr.o)
 .text.octetstring_value
                0x00000000        0xe ./libbacnet.a(bacstr.o)
 .text.octetstring_length
                0x00000000       0x12 ./libbacnet.a(bacstr.o)
 .text.octetstring_capacity
                0x00000000       0x10 ./libbacnet.a(bacstr.o)
 .text.octetstring_value_same
                0x00000000       0x4e ./libbacnet.a(bacstr.o)
 .rodata.trailingBytesForUTF8
                0x00000000      0x100 ./libbacnet.a(bacstr.o)
 .text          0x00000000        0x0 ./libbacnet.a(iam.o)
 .bss           0x00000000        0x0 ./libbacnet.a(iam.o)
 .text.iam_decode_service_request
                0x00000000      0x19e ./libbacnet.a(iam.o)
 .text          0x00000000        0x0 ./libbacnet.a(rp.o)
 .bss           0x00000000        0x0 ./libbacnet.a(rp.o)
 .text.rp_encode_apdu
                0x00000000       0xbc ./libbacnet.a(rp.o)
 .text.rp_ack_encode_apdu
                0x00000000       0x74 ./libbacnet.a(rp.o)
 .text.rp_ack_decode_service_request
                0x00000000      0x13e ./libbacnet.a(rp.o)
 .text          0x00000000        0x0 ./libbacnet.a(wp.o)
 .bss           0x00000000        0x0 ./libbacnet.a(wp.o)
 .text.wp_encode_apdu
                0x00000000      0x116 ./libbacnet.a(wp.o)
 .text          0x00000000        0x0 ./libbacnet.a(whois.o)
 .bss           0x00000000        0x0 ./libbacnet.a(whois.o)
 .text.whois_encode_apdu
                0x00000000       0x74 ./libbacnet.a(whois.o)
 .text          0x00000000        0x0 ./libbacnet.a(bacaddr.o)
 .bss           0x00000000        0x0 ./libbacnet.a(bacaddr.o)
 .text.bacnet_address_copy
                0x00000000       0x66 ./libbacnet.a(bacaddr.o)
 .text.bacnet_address_same
                0x00000000       0x90 ./libbacnet.a(bacaddr.o)
 .text          0x00000000        0x0 ./libbacnet.a(abort.o)
 .bss           0x00000000        0x0 ./libbacnet.a(abort.o)
 .text.abort_convert_error_code
                0x00000000       0x1a ./libbacnet.a(abort.o)
 .text.abort_decode_service_request
                0x00000000       0x26 ./libbacnet.a(abort.o)
 .rodata.CSWTCH.1
                0x00000000        0x5 ./libbacnet.a(abort.o)
 .text          0x00000000        0x0 ./libbacnet.a(reject.o)
 .bss           0x00000000        0x0 ./libbacnet.a(reject.o)
 .text.reject_convert_error_code
                0x00000000       0x1a ./libbacnet.a(reject.o)
 .text.reject_decode_service_request
                0x00000000       0x26 ./libbacnet.a(reject.o)
 .rodata.CSWTCH.1
                0x00000000        0xa ./libbacnet.a(reject.o)
 .text          0x00000000        0x0 ./libbacnet.a(bacerror.o)
 .bss           0x00000000        0x0 ./libbacnet.a(bacerror.o)
 .text.bacerror_decode_error_class_and_code
                0x00000000       0xc8 ./libbacnet.a(bacerror.o)
 .text.bacerror_decode_service_request
                0x00000000       0x4c ./libbacnet.a(bacerror.o)
 .text          0x00000000        0x0 ./libbacnet.a(bacapp.o)
 .bss           0x00000000        0x0 ./libbacnet.a(bacapp.o)
 .text.bacapp_encode_application_data
                0x00000000       0x6e ./libbacnet.a(bacapp.o)
 .text.bacapp_decode_application_data_safe
                0x00000000      0x1d0 ./libbacnet.a(bacapp.o)
 .text.bacapp_encode_context_data_value
                0x00000000       0x76 ./libbacnet.a(bacapp.o)
 .text.bacapp_encode_context_data
                0x00000000       0x4c ./libbacnet.a(bacapp.o)
 .text.bacapp_decode_context_data
                0x00000000       0xca ./libbacnet.a(bacapp.o)
 .text.bacapp_encode_data
                0x00000000       0x28 ./libbacnet.a(bacapp.o)
 .text.bacapp_copy
                0x00000000       0xb8 ./libbacnet.a(bacapp.o)
 .bss.apdu_len.4800
                0x00000000        0x4 ./libbacnet.a(bacapp.o)
 .bss.apdu_len_remaining.4799
                0x00000000        0x4 ./libbacnet.a(bacapp.o)
 .bss.apdu.4798
                0x00000000        0x2 ./libbacnet.a(bacapp.o)
 .text          0x00000000        0x0 /usr/local/CrossPack-AVR-20131216/lib/gcc/avr/4.8.1/avr5/libgcc.a(_divmodhi4.o)
 .bss           0x00000000        0x0 /usr/local/CrossPack-AVR-20131216/lib/gcc/avr/4.8.1/avr5/libgcc.a(_divmodhi4.o)
 .text.libgcc.mul
                0x00000000        0x0 /usr/local/CrossPack-AVR-20131216/lib/gcc/avr/4.8.1/avr5/libgcc.a(_divmodhi4.o)
 .text.libgcc   0x00000000        0x0 /usr/local/CrossPack-AVR-20131216/lib/gcc/avr/4.8.1/avr5/libgcc.a(_divmodhi4.o)
 .text.libgcc.prologue
                0x00000000        0x0 /usr/local/CrossPack-AVR-20131216/lib/gcc/avr/4.8.1/avr5/libgcc.a(_divmodhi4.o)
 .text.libgcc.builtins
                0x00000000        0x0 /usr/local/CrossPack-AVR-20131216/lib/gcc/avr/4.8.1/avr5/libgcc.a(_divmodhi4.o)
 .text.libgcc.fmul
                0x00000000        0x0 /usr/local/CrossPack-AVR-20131216/lib/gcc/avr/4.8.1/avr5/libgcc.a(_divmodhi4.o)
 .text.libgcc.fixed
                0x00000000        0x0 /usr/local/CrossPack-AVR-20131216/lib/gcc/avr/4.8.1/avr5/libgcc.a(_divmodhi4.o)
 .text          0x00000000        0x0 /usr/local/CrossPack-AVR-20131216/lib/gcc/avr/4.8.1/avr5/libgcc.a(_udivmodsi4.o)
 .bss           0x00000000        0x0 /usr/local/CrossPack-AVR-20131216/lib/gcc/avr/4.8.1/avr5/libgcc.a(_udivmodsi4.o)
 .text.libgcc.mul
                0x00000000        0x0 /usr/local/CrossPack-AVR-20131216/lib/gcc/avr/4.8.1/avr5/libgcc.a(_udivmodsi4.o)
 .text.libgcc   0x00000000        0x0 /usr/local/CrossPack-AVR-20131216/lib/gcc/avr/4.8.1/avr5/libgcc.a(_udivmodsi4.o)
 .text.libgcc.prologue
                0x00000000        0x0 /usr/local/CrossPack-AVR-20131216/lib/gcc/avr/4.8.1/avr5/libgcc.a(_udivmodsi4.o)
 .text.libgcc.builtins
                0x00000000        0x0 /usr/local/CrossPack-AVR-20131216/lib/gcc/avr/4.8.1/avr5/libgcc.a(_udivmodsi4.o)
 .text.libgcc.fmul
                0x00000000        0x0 /usr/local/CrossPack-AVR-20131216/lib/gcc/avr/4.8.1/avr5/libgcc.a(_udivmodsi4.o)
 .text.libgcc.fixed
                0x00000000        0x0 /usr/local/CrossPack-AVR-20131216/lib/gcc/avr/4.8.1/avr5/libgcc.a(_udivmodsi4.o)
 .text          0x00000000        0x0 /usr/local/CrossPack-AVR-20131216/lib/gcc/avr/4.8.1/avr5/libgcc.a(_exit.o)
 .bss           0x00000000        0x0 /usr/local/CrossPack-AVR-20131216/lib/gcc/avr/4.8.1/avr5/libgcc.a(_exit.o)
 .text.libgcc.mul
                0x00000000        0x0 /usr/local/CrossPack-AVR-20131216/lib/gcc/avr/4.8.1/avr5/libgcc.a(_exit.o)
 .text.libgcc.div
                0x00000000        0x0 /usr/local/CrossPack-AVR-20131216/lib/gcc/avr/4.8.1/avr5/libgcc.a(_exit.o)
 .text.libgcc   0x00000000        0x0 /usr/local/CrossPack-AVR-20131216/lib/gcc/avr/4.8.1/avr5/libgcc.a(_exit.o)
 .text.libgcc.prologue
                0x00000000        0x0 /usr/local/CrossPack-AVR-20131216/lib/gcc/avr/4.8.1/avr5/libgcc.a(_exit.o)
 .text.libgcc.builtins
                0x00000000        0x0 /usr/local/CrossPack-AVR-20131216/lib/gcc/avr/4.8.1/avr5/libgcc.a(_exit.o)
 .text.libgcc.fmul
                0x00000000        0x0 /usr/local/CrossPack-AVR-20131216/lib/gcc/avr/4.8.1/avr5/libgcc.a(_exit.o)
 .text.libgcc.fixed
                0x00000000        0x0 /usr/local/CrossPack-AVR-20131216/lib/gcc/avr/4.8.1/avr5/libgcc.a(_exit.o)
 .text          0x00000000        0x0 /usr/local/CrossPack-AVR-20131216/lib/gcc/avr/4.8.1/avr5/libgcc.a(_tablejump.o)
 .bss           0x00000000        0x0 /usr/local/CrossPack-AVR-20131216/lib/gcc/avr/4.8.1/avr5/libgcc.a(_tablejump.o)
 .text.libgcc.mul
                0x00000000        0x0 /usr/local/CrossPack-AVR-20131216/lib/gcc/avr/4.8.1/avr5/libgcc.a(_tablejump.o)
 .text.libgcc.div
                0x00000000        0x0 /usr/local/CrossPack-AVR-20131216/lib/gcc/avr/4.8.1/avr5/libgcc.a(_tablejump.o)
 .text.libgcc.prologue
                0x00000000        0x0 /usr/local/CrossPack-AVR-20131216/lib/gcc/avr/4.8.1/avr5/libgcc.a(_tablejump.o)
 .text.libgcc.builtins
                0x00000000        0x0 /usr/local/CrossPack-AVR-20131216/lib/gcc/avr/4.8.1/avr5/libgcc.a(_tablejump.o)
 .text.libgcc.fmul
                0x00000000        0x0 /usr/local/CrossPack-AVR-20131216/lib/gcc/avr/4.8.1/avr5/libgcc.a(_tablejump.o)
 .text.libgcc.fixed
                0x00000000        0x0 /usr/local/CrossPack-AVR-20131216/lib/gcc/avr/4.8.1/avr5/libgcc.a(_tablejump.o)
 .text          0x00000000        0x0 /usr/local/CrossPack-AVR-20131216/lib/gcc/avr/4.8.1/avr5/libgcc.a(_copy_data.o)
 .bss           0x00000000        0x0 /usr/local/CrossPack-AVR-20131216/lib/gcc/avr/4.8.1/avr5/libgcc.a(_copy_data.o)
 .text.libgcc.mul
                0x00000000        0x0 /usr/local/CrossPack-AVR-20131216/lib/gcc/avr/4.8.1/avr5/libgcc.a(_copy_data.o)
 .text.libgcc.div
                0x00000000        0x0 /usr/local/CrossPack-AVR-20131216/lib/gcc/avr/4.8.1/avr5/libgcc.a(_copy_data.o)
 .text.libgcc   0x00000000        0x0 /usr/local/CrossPack-AVR-20131216/lib/gcc/avr/4.8.1/avr5/libgcc.a(_copy_data.o)
 .text.libgcc.prologue
                0x00000000        0x0 /usr/local/CrossPack-AVR-20131216/lib/gcc/avr/4.8.1/avr5/libgcc.a(_copy_data.o)
 .text.libgcc.builtins
                0x00000000        0x0 /usr/local/CrossPack-AVR-20131216/lib/gcc/avr/4.8.1/avr5/libgcc.a(_copy_data.o)
 .text.libgcc.fmul
                0x00000000        0x0 /usr/local/CrossPack-AVR-20131216/lib/gcc/avr/4.8.1/avr5/libgcc.a(_copy_data.o)
 .text.libgcc.fixed
                0x00000000        0x0 /usr/local/CrossPack-AVR-20131216/lib/gcc/avr/4.8.1/avr5/libgcc.a(_copy_data.o)
 .text          0x00000000        0x0 /usr/local/CrossPack-AVR-20131216/lib/gcc/avr/4.8.1/avr5/libgcc.a(_clear_bss.o)
 .bss           0x00000000        0x0 /usr/local/CrossPack-AVR-20131216/lib/gcc/avr/4.8.1/avr5/libgcc.a(_clear_bss.o)
 .text.libgcc.mul
                0x00000000        0x0 /usr/local/CrossPack-AVR-20131216/lib/gcc/avr/4.8.1/avr5/libgcc.a(_clear_bss.o)
 .text.libgcc.div
                0x00000000        0x0 /usr/local/CrossPack-AVR-20131216/lib/gcc/avr/4.8.1/avr5/libgcc.a(_clear_bss.o)
 .text.libgcc   0x00000000        0x0 /usr/local/CrossPack-AVR-20131216/lib/gcc/avr/4.8.1/avr5/libgcc.a(_clear_bss.o)
 .text.libgcc.prologue
                0x00000000        0x0 /usr/local/CrossPack-AVR-20131216/lib/gcc/avr/4.8.1/avr5/libgcc.a(_clear_bss.o)
 .text.libgcc.builtins
                0x00000000        0x0 /usr/local/CrossPack-AVR-20131216/lib/gcc/avr/4.8.1/avr5/libgcc.a(_clear_bss.o)
 .text.libgcc.fmul
                0x00000000        0x0 /usr/local/CrossPack-AVR-20131216/lib/gcc/avr/4.8.1/avr5/libgcc.a(_clear_bss.o)
 .text.libgcc.fixed
                0x00000000        0x0 /usr/local/CrossPack-AVR-20131216/lib/gcc/avr/4.8.1/avr5/libgcc.a(_clear_bss.o)
 .text          0x00000000        0x0 /usr/local/CrossPack-AVR-20131216/lib/gcc/avr/4.8.1/avr5/libgcc.a(_prologue.o)
 .bss           0x00000000        0x0 /usr/local/CrossPack-AVR-20131216/lib/gcc/avr/4.8.1/avr5/libgcc.a(_prologue.o)
 .text.libgcc.mul
                0x00000000        0x0 /usr/local/CrossPack-AVR-20131216/lib/gcc/avr/4.8.1/avr5/libgcc.a(_prologue.o)
 .text.libgcc.div
                0x00000000        0x0 /usr/local/CrossPack-AVR-20131216/lib/gcc/avr/4.8.1/avr5/libgcc.a(_prologue.o)
 .text.libgcc   0x00000000        0x0 /usr/local/CrossPack-AVR-20131216/lib/gcc/avr/4.8.1/avr5/libgcc.a(_prologue.o)
 .text.libgcc.builtins
                0x00000000        0x0 /usr/local/CrossPack-AVR-20131216/lib/gcc/avr/4.8.1/avr5/libgcc.a(_prologue.o)
 .text.libgcc.fmul
                0x00000000        0x0 /usr/local/CrossPack-AVR-20131216/lib/gcc/avr/4.8.1/avr5/libgcc.a(_prologue.o)
 .text.libgcc.fixed
                0x00000000        0x0 /usr/local/CrossPack-AVR-20131216/lib/gcc/avr/4.8.1/avr5/libgcc.a(_prologue.o)
 .text          0x00000000        0x0 /usr/local/CrossPack-AVR-20131216/lib/gcc/avr/4.8.1/avr5/libgcc.a(_epilogue.o)
 .bss           0x00000000        0x0 /usr/local/CrossPack-AVR-20131216/lib/gcc/avr/4.8.1/avr5/libgcc.a(_epilogue.o)
 .text.libgcc.mul
                0x00000000        0x0 /usr/local/CrossPack-AVR-20131216/lib/gcc/avr/4.8.1/avr5/libgcc.a(_epilogue.o)
 .text.libgcc.div
                0x00000000        0x0 /usr/local/CrossPack-AVR-20131216/lib/gcc/avr/4.8.1/avr5/libgcc.a(_epilogue.o)
 .text.libgcc   0x00000000        0x0 /usr/local/CrossPack-AVR-20131216/lib/gcc/avr/4.8.1/avr5/libgcc.a(_epilogue.o)
 .text.libgcc.builtins
                0x00000000        0x0 /usr/local/CrossPack-AVR-20131216/lib/gcc/avr/4.8.1/avr5/libgcc.a(_epilogue.o)
 .text.libgcc.fmul
                0x00000000        0x0 /usr/local/CrossPack-AVR-20131216/lib/gcc/avr/4.8.1/avr5/libgcc.a(_epilogue.o)
 .text.libgcc.fixed
                0x00000000        0x0 /usr/local/CrossPack-AVR-20131216/lib/gcc/avr/4.8.1/avr5/libgcc.a(_epilogue.o)
 .text          0x00000000        0x0 /usr/local/CrossPack-AVR-20131216/lib/gcc/avr/4.8.1/avr5/libgcc.a(_udivmodhi4.o)
 .bss           0x00000000        0x0 /usr/local/CrossPack-AVR-20131216/lib/gcc/avr/4.8.1/avr5/libgcc.a(_udivmodhi4.o)
 .text.libgcc.mul
                0x00000000        0x0 /usr/local/CrossPack-AVR-20131216/lib/gcc/avr/4.8.1/avr5/libgcc.a(_udivmodhi4.o)
 .text.libgcc   0x00000000        0x0 /usr/local/CrossPack-AVR-20131216/lib/gcc/avr/4.8.1/avr5/libgcc.a(_udivmodhi4.o)
 .text.libgcc.prologue
                0x00000000        0x0 /usr/local/CrossPack-AVR-20131216/lib/gcc/avr/4.8.1/avr5/libgcc.a(_udivmodhi4.o)
 .text.libgcc.builtins
                0x00000000        0x0 /usr/local/CrossPack-AVR-20131216/lib/gcc/avr/4.8.1/avr5/libgcc.a(_udivmodhi4.o)
 .text.libgcc.fmul
                0x00000000        0x0 /usr/local/CrossPack-AVR-20131216/lib/gcc/avr/4.8.1/avr5/libgcc.a(_udivmodhi4.o)
 .text.libgcc.fixed
                0x00000000        0x0 /usr/local/CrossPack-AVR-20131216/lib/gcc/avr/4.8.1/avr5/libgcc.a(_udivmodhi4.o)

Memory Configuration

Name             Origin             Length             Attributes
text             0x00000000         0x00020000         xr
data             0x00800060         0x0000ffa0         rw !x
eeprom           0x00810000         0x00010000         rw !x
fuse             0x00820000         0x00000400         rw !x
lock             0x00830000         0x00000400         rw !x
signature        0x00840000         0x00000400         rw !x
user_signatures  0x00850000         0x00000400         rw !x
*default*        0x00000000         0xffffffff

Linker script and memory map

Address of section .data set to 0x800100
LOAD /usr/local/CrossPack-AVR-20131216/lib/gcc/avr/4.8.1/../../../../avr/lib/avr5/crtm168.o
LOAD main.o
LOAD timer.o
LOAD stack.o
LOAD rs485.o
LOAD dlmstp.o
LOAD apdu.o
LOAD h_rp.o
LOAD device.o
LOAD av.o
LOAD bv.o
LOAD h_whois.o
LOAD h_wp.o
LOAD ../../demo/handler/txbuf.o
LOAD ../../demo/handler/h_npdu.o
LOAD ../../demo/handler/s_iam.o
LOAD ../../demo/handler/noserv.o
LOAD ./libbacnet.a
START GROUP
LOAD /usr/local/CrossPack-AVR-20131216/lib/gcc/avr/4.8.1/avr5/libgcc.a
LOAD /usr/local/CrossPack-AVR-20131216/lib/gcc/avr/4.8.1/../../../../avr/lib/avr5/libm.a
LOAD /usr/local/CrossPack-AVR-20131216/lib/gcc/avr/4.8.1/../../../../avr/lib/avr5/libc.a
END GROUP

.hash
 *(.hash)

.dynsym
 *(.dynsym)

.dynstr
 *(.dynstr)

.gnu.version
 *(.gnu.version)

.gnu.version_d
 *(.gnu.version_d)

.gnu.version_r
 *(.gnu.version_r)

.rel.init
 *(.rel.init)

.rela.init
 *(.rela.init)

.rel.text
 *(.rel.text)
 *(.rel.text.*)
 *(.rel.gnu.linkonce.t*)

.rela.text
 *(.rela.text)
 *(.rela.text.*)
 *(.rela.gnu.linkonce.t*)

.rel.fini
 *(.rel.fini)

.rela.fini
 *(.rela.fini)

.rel.rodata
 *(.rel.rodata)
 *(.rel.rodata.*)
 *(.rel.gnu.linkonce.r*)

.rela.rodata
 *(.rela.rodata)
 *(.rela.rodata.*)
 *(.rela.gnu.linkonce.r*)

.rel.data
 *(.rel.data)
 *(.rel.data.*)
 *(.rel.gnu.linkonce.d*)

.rela.data
 *(.rela.data)
 *(.rela.data.*)
 *(.rela.gnu.linkonce.d*)

.rel.ctors
 *(.rel.ctors)

.rela.ctors
 *(.rela.ctors)

.rel.dtors
 *(.rel.dtors)

.rela.dtors
 *(.rela.dtors)

.rel.got
 *(.rel.got)

.rela.got
 *(.rela.got)

.rel.bss
 *(.rel.bss)

.rela.bss
 *(.rela.bss)

.rel.plt
 *(.rel.plt)

.rela.plt
 *(.rela.plt)

.text           0x00000000     0x4138
 *(.vectors)
 .vectors       0x00000000       0x68 /usr/local/CrossPack-AVR-20131216/lib/gcc/avr/4.8.1/../../../../avr/lib/avr5/crtm168.o
                0x00000000                __vectors
                0x00000000                __vector_default
 *(.vectors)
 *(.progmem.gcc*)
 .progmem.gcc_sw_table.dlmstp_receive
                0x00000068       0x12 dlmstp.o
                0x0000007a                . = ALIGN (0x2)
                0x0000007a                __trampolines_start = .
 *(.trampolines)
 .trampolines   0x0000007a        0x0 linker stubs
 *(.trampolines*)
                0x0000007a                __trampolines_end = .
 *(.progmem*)
                0x0000007a                . = ALIGN (0x2)
 *(.jumptables)
 *(.jumptables*)
 *(.lowtext)
 *(.lowtext*)
                0x0000007a                __ctors_start = .
 *(.ctors)
                0x0000007a                __ctors_end = .
                0x0000007a                __dtors_start = .
 *(.dtors)
                0x0000007a                __dtors_end = .
 SORT(*)(.ctors)
 SORT(*)(.dtors)
 *(.init0)
 .init0         0x0000007a        0x0 /usr/local/CrossPack-AVR-20131216/lib/gcc/avr/4.8.1/../../../../avr/lib/avr5/crtm168.o
                0x0000007a                __init
 *(.init0)
 *(.init1)
 .init1         0x0000007a       0x14 stack.o
                0x0000007a                stack_init
 *(.init1)
 *(.init2)
 .init2         0x0000008e        0xc /usr/local/CrossPack-AVR-20131216/lib/gcc/avr/4.8.1/../../../../avr/lib/avr5/crtm168.o
 *(.init2)
 *(.init3)
 *(.init3)
 *(.init4)
 .init4         0x0000009a       0x16 /usr/local/CrossPack-AVR-20131216/lib/gcc/avr/4.8.1/avr5/libgcc.a(_copy_data.o)
                0x0000009a                __do_copy_data
 .init4         0x000000b0       0x10 /usr/local/CrossPack-AVR-20131216/lib/gcc/avr/4.8.1/avr5/libgcc.a(_clear_bss.o)
                0x000000b0                __do_clear_bss
 *(.init4)
 *(.init5)
 *(.init5)
 *(.init6)
 *(.init6)
 *(.init7)
 *(.init7)
 *(.init8)
 *(.init8)
 *(.init9)
 .init9         0x000000c0        0x8 /usr/local/CrossPack-AVR-20131216/lib/gcc/avr/4.8.1/../../../../avr/lib/avr5/crtm168.o
 *(.init9)
 *(.text)
 .text          0x000000c8        0x4 /usr/local/CrossPack-AVR-20131216/lib/gcc/avr/4.8.1/../../../../avr/lib/avr5/crtm168.o
                0x000000c8                __vector_20
                0x000000c8                __vector_1
                0x000000c8                __vector_24
                0x000000c8                __vector_12
                0x000000c8                __bad_interrupt
                0x000000c8                __vector_6
                0x000000c8                __vector_3
                0x000000c8                __vector_23
                0x000000c8                __vector_25
                0x000000c8                __vector_11
                0x000000c8                __vector_13
                0x000000c8                __vector_17
                0x000000c8                __vector_19
                0x000000c8                __vector_7
                0x000000c8                __vector_5
                0x000000c8                __vector_4
                0x000000c8                __vector_9
                0x000000c8                __vector_2
                0x000000c8                __vector_21
                0x000000c8                __vector_15
                0x000000c8                __vector_8
                0x000000c8                __vector_14
                0x000000c8                __vector_10
                0x000000c8                __vector_18
                0x000000c8                __vector_22
                0x000000cc                . = ALIGN (0x2)
 *(.text.*)
 .text.startup.main
                0x000000cc       0xfa main.o
                0x000000cc                main
 .text.Timer_Initialize
                0x000001c6       0x24 timer.o
                0x000001c6                Timer_Initialize
 .text.__vector_16
                0x000001ea       0x54 timer.o
                0x000001ea                __vector_16
 .text.Timer_Silence
                0x0000023e       0x1a timer.o
                0x0000023e                Timer_Silence
 .text.Timer_Silence_Reset
                0x00000258       0x1a timer.o
                0x00000258                Timer_Silence_Reset
 .text.stack_size
                0x00000272        0xa stack.o
                0x00000272                stack_size
 .text.stack_unused
                0x0000027c       0x28 stack.o
                0x0000027c                stack_unused
 .text.RS485_Initialize
                0x000002a4       0x24 rs485.o
                0x000002a4                RS485_Initialize
 .text.RS485_Get_Baud_Rate
                0x000002c8       0x12 rs485.o
                0x000002c8                RS485_Get_Baud_Rate
 .text.RS485_Set_Baud_Rate
                0x000002da       0xaa rs485.o
                0x000002da                RS485_Set_Baud_Rate
 .text.RS485_Transmitter_Enable
                0x00000384        0xc rs485.o
                0x00000384                RS485_Transmitter_Enable
 .text.RS485_Turnaround_Delay
                0x00000390       0x2e rs485.o
                0x00000390                RS485_Turnaround_Delay
 .text.RS485_LED_Timers
                0x000003be       0x2a rs485.o
                0x000003be                RS485_LED_Timers
 .text.RS485_Send_Data
                0x000003e8       0x3e rs485.o
                0x000003e8                RS485_Send_Data
 .text.RS485_ReceiveError
                0x00000426       0x26 rs485.o
                0x00000426                RS485_ReceiveError
 .text.RS485_DataAvailable
                0x0000044c       0x20 rs485.o
                0x0000044c                RS485_DataAvailable
 .text.MSTP_Send_Frame
                0x0000046c       0xbc dlmstp.o
 .text.dlmstp_init
                0x00000528        0x8 dlmstp.o
                0x00000528                dlmstp_init
 .text.dlmstp_send_pdu
                0x00000530       0x50 dlmstp.o
                0x00000530                dlmstp_send_pdu
 .text.dlmstp_receive
                0x00000580      0x988 dlmstp.o
                0x00000580                dlmstp_receive
 .text.dlmstp_set_max_info_frames
                0x00000f08        0x8 dlmstp.o
                0x00000f08                dlmstp_set_max_info_frames
 .text.dlmstp_max_info_frames
                0x00000f10        0x6 dlmstp.o
                0x00000f10                dlmstp_max_info_frames
 .text.dlmstp_set_max_master
                0x00000f16       0x12 dlmstp.o
                0x00000f16                dlmstp_set_max_master
 .text.dlmstp_set_mac_address
                0x00000f28       0x16 dlmstp.o
                0x00000f28                dlmstp_set_mac_address
 .text.dlmstp_max_master
                0x00000f3e        0x6 dlmstp.o
                0x00000f3e                dlmstp_max_master
 .text.dlmstp_get_my_address
                0x00000f44       0x2a dlmstp.o
                0x00000f44                dlmstp_get_my_address
 .text.dlmstp_get_broadcast_address
                0x00000f6e       0x30 dlmstp.o
                0x00000f6e                dlmstp_get_broadcast_address
 .text.apdu_service_supported
                0x00000f9e       0x18 apdu.o
                0x00000f9e                apdu_service_supported
 .text.apdu_decode_confirmed_service_request
                0x00000fb6       0x94 apdu.o
                0x00000fb6                apdu_decode_confirmed_service_request
 .text.apdu_handler
                0x0000104a       0xac apdu.o
                0x0000104a                apdu_handler
 .text.Encode_Property_APDU
                0x000010f6      0x100 h_rp.o
                0x000010f6                Encode_Property_APDU
 .text.handler_read_property
                0x000011f6      0x122 h_rp.o
                0x000011f6                handler_read_property
 .text.Device_Object_Instance_Number
                0x00001318       0x12 device.o
                0x00001318                Device_Object_Instance_Number
 .text.Device_Set_Object_Instance_Number
                0x0000132a       0x24 device.o
                0x0000132a                Device_Set_Object_Instance_Number
 .text.Device_Valid_Object_Instance_Number
                0x0000134e       0x2a device.o
                0x0000134e                Device_Valid_Object_Instance_Number
 .text.Device_Vendor_Identifier
                0x00001378        0x6 device.o
                0x00001378                Device_Vendor_Identifier
 .text.Device_Object_List_Count
                0x0000137e       0x1a device.o
                0x0000137e                Device_Object_List_Count
 .text.Device_Object_List_Identifier
                0x00001398       0xb2 device.o
                0x00001398                Device_Object_List_Identifier
 .text.Device_Encode_Property_APDU
                0x0000144a      0x3e2 device.o
                0x0000144a                Device_Encode_Property_APDU
 .text.Device_Write_Property
                0x0000182c      0x30a device.o
                0x0000182c                Device_Write_Property
 .text.Analog_Value_Valid_Instance
                0x00001b36       0x12 av.o
                0x00001b36                Analog_Value_Valid_Instance
 .text.Analog_Value_Count
                0x00001b48        0x6 av.o
                0x00001b48                Analog_Value_Count
 .text.Analog_Value_Index_To_Instance
                0x00001b4e        0x8 av.o
                0x00001b4e                Analog_Value_Index_To_Instance
 .text.Analog_Value_Encode_Property_APDU
                0x00001b56      0x174 av.o
                0x00001b56                Analog_Value_Encode_Property_APDU
 .text.Analog_Value_Write_Property
                0x00001cca      0x176 av.o
                0x00001cca                Analog_Value_Write_Property
 .text.Binary_Value_Valid_Instance
                0x00001e40       0x12 bv.o
                0x00001e40                Binary_Value_Valid_Instance
 .text.Binary_Value_Count
                0x00001e52        0x6 bv.o
                0x00001e52                Binary_Value_Count
 .text.Binary_Value_Index_To_Instance
                0x00001e58        0x8 bv.o
                0x00001e58                Binary_Value_Index_To_Instance
 .text.Binary_Value_Name
                0x00001e60       0x1c bv.o
                0x00001e60                Binary_Value_Name
 .text.Binary_Value_Encode_Property_APDU
                0x00001e7c      0x16c bv.o
                0x00001e7c                Binary_Value_Encode_Property_APDU
 .text.Binary_Value_Write_Property
                0x00001fe8      0x194 bv.o
                0x00001fe8                Binary_Value_Write_Property
 .text.handler_who_is
                0x0000217c       0x6a h_whois.o
                0x0000217c                handler_who_is
 .text.handler_write_property
                0x000021e6      0x122 h_wp.o
                0x000021e6                handler_write_property
 .text.npdu_handler
                0x00002308       0x8c ../../demo/handler/h_npdu.o
                0x00002308                npdu_handler
 .text.iam_encode_pdu
                0x00002394       0x6a ../../demo/handler/s_iam.o
                0x00002394                iam_encode_pdu
 .text.handler_unrecognized_service
                0x000023fe       0x6a ../../demo/handler/noserv.o
                0x000023fe                handler_unrecognized_service
 .text.CRC_Calc_Header
                0x00002468       0x70 ./libbacnet.a(crc.o)
                0x00002468                CRC_Calc_Header
 .text.CRC_Calc_Data
                0x000024d8       0x5a ./libbacnet.a(crc.o)
                0x000024d8                CRC_Calc_Data
 .text.npdu_encode_pdu
                0x00002532      0x1d4 ./libbacnet.a(npdu.o)
                0x00002532                npdu_encode_pdu
 .text.npdu_encode_npdu_data
                0x00002706       0x24 ./libbacnet.a(npdu.o)
                0x00002706                npdu_encode_npdu_data
 .text.npdu_decode
                0x0000272a      0x238 ./libbacnet.a(npdu.o)
                0x0000272a                npdu_decode
 .text.byte_reverse_bits
                0x00002962       0x2a ./libbacnet.a(bacdcode.o)
 .text.decode_max_segs
                0x0000298c       0x52 ./libbacnet.a(bacdcode.o)
                0x0000298c                decode_max_segs
 .text.decode_max_apdu
                0x000029de       0x1e ./libbacnet.a(bacdcode.o)
                0x000029de                decode_max_apdu
 .text.encode_tag
                0x000029fc       0xa6 ./libbacnet.a(bacdcode.o)
                0x000029fc                encode_tag
 .text.encode_opening_tag
                0x00002aa2       0x2e ./libbacnet.a(bacdcode.o)
                0x00002aa2                encode_opening_tag
 .text.encode_closing_tag
                0x00002ad0       0x2e ./libbacnet.a(bacdcode.o)
                0x00002ad0                encode_closing_tag
 .text.decode_tag_number
                0x00002afe       0x36 ./libbacnet.a(bacdcode.o)
                0x00002afe                decode_tag_number
 .text.decode_tag_number_and_value
                0x00002b34       0xdc ./libbacnet.a(bacdcode.o)
                0x00002b34                decode_tag_number_and_value
 .text.decode_is_context_tag
                0x00002c10       0x36 ./libbacnet.a(bacdcode.o)
                0x00002c10                decode_is_context_tag
 .text.decode_is_opening_tag_number
                0x00002c46       0x38 ./libbacnet.a(bacdcode.o)
                0x00002c46                decode_is_opening_tag_number
 .text.decode_is_closing_tag_number
                0x00002c7e       0x38 ./libbacnet.a(bacdcode.o)
                0x00002c7e                decode_is_closing_tag_number
 .text.encode_application_boolean
                0x00002cb6       0x1a ./libbacnet.a(bacdcode.o)
                0x00002cb6                encode_application_boolean
 .text.encode_bitstring
                0x00002cd0       0x70 ./libbacnet.a(bacdcode.o)
                0x00002cd0                encode_bitstring
 .text.encode_application_bitstring
                0x00002d40       0x4c ./libbacnet.a(bacdcode.o)
                0x00002d40                encode_application_bitstring
 .text.decode_object_id
                0x00002d8c       0x5a ./libbacnet.a(bacdcode.o)
                0x00002d8c                decode_object_id
 .text.decode_object_id_safe
                0x00002de6       0x22 ./libbacnet.a(bacdcode.o)
                0x00002de6                decode_object_id_safe
 .text.encode_bacnet_object_id
                0x00002e08       0x36 ./libbacnet.a(bacdcode.o)
                0x00002e08                encode_bacnet_object_id
 .text.encode_context_object_id
                0x00002e3e       0x42 ./libbacnet.a(bacdcode.o)
                0x00002e3e                encode_context_object_id
 .text.encode_application_object_id
                0x00002e80       0x38 ./libbacnet.a(bacdcode.o)
                0x00002e80                encode_application_object_id
 .text.encode_bacnet_character_string_safe
                0x00002eb8       0x72 ./libbacnet.a(bacdcode.o)
                0x00002eb8                encode_bacnet_character_string_safe
 .text.encode_bacnet_character_string
                0x00002f2a       0x46 ./libbacnet.a(bacdcode.o)
                0x00002f2a                encode_bacnet_character_string
 .text.encode_application_character_string
                0x00002f70       0x5c ./libbacnet.a(bacdcode.o)
                0x00002f70                encode_application_character_string
 .text.decode_character_string
                0x00002fcc       0x38 ./libbacnet.a(bacdcode.o)
                0x00002fcc                decode_character_string
 .text.decode_unsigned
                0x00003004       0x90 ./libbacnet.a(bacdcode.o)
                0x00003004                decode_unsigned
 .text.encode_bacnet_unsigned
                0x00003094       0x42 ./libbacnet.a(bacdcode.o)
                0x00003094                encode_bacnet_unsigned
 .text.encode_context_unsigned
                0x000030d6       0x7a ./libbacnet.a(bacdcode.o)
                0x000030d6                encode_context_unsigned
 .text.encode_application_unsigned
                0x00003150       0x38 ./libbacnet.a(bacdcode.o)
                0x00003150                encode_application_unsigned
 .text.decode_enumerated
                0x00003188       0x40 ./libbacnet.a(bacdcode.o)
                0x00003188                decode_enumerated
 .text.encode_application_enumerated
                0x000031c8       0x38 ./libbacnet.a(bacdcode.o)
                0x000031c8                encode_application_enumerated
 .text.encode_context_enumerated
                0x00003200       0x7a ./libbacnet.a(bacdcode.o)
                0x00003200                encode_context_enumerated
 .text.encode_application_real
                0x0000327a       0x40 ./libbacnet.a(bacdcode.o)
                0x0000327a                encode_application_real
 .text.encode_simple_ack
                0x000032ba       0x10 ./libbacnet.a(bacdcode.o)
                0x000032ba                encode_simple_ack
 .text.encode_unsigned16
                0x000032ca        0xc ./libbacnet.a(bacint.o)
                0x000032ca                encode_unsigned16
 .text.decode_unsigned16
                0x000032d6       0x28 ./libbacnet.a(bacint.o)
                0x000032d6                decode_unsigned16
 .text.encode_unsigned24
                0x000032fe        0xe ./libbacnet.a(bacint.o)
                0x000032fe                encode_unsigned24
 .text.decode_unsigned24
                0x0000330c       0x42 ./libbacnet.a(bacint.o)
                0x0000330c                decode_unsigned24
 .text.encode_unsigned32
                0x0000334e       0x10 ./libbacnet.a(bacint.o)
                0x0000334e                encode_unsigned32
 .text.decode_unsigned32
                0x0000335e       0x52 ./libbacnet.a(bacint.o)
                0x0000335e                decode_unsigned32
 .text.decode_real
                0x000033b0       0x22 ./libbacnet.a(bacreal.o)
                0x000033b0                decode_real
 .text.decode_real_safe
                0x000033d2       0x20 ./libbacnet.a(bacreal.o)
                0x000033d2                decode_real_safe
 .text.encode_bacnet_real
                0x000033f2       0x10 ./libbacnet.a(bacreal.o)
                0x000033f2                encode_bacnet_real
 .text.bitstring_init
                0x00003402       0x1c ./libbacnet.a(bacstr.o)
                0x00003402                bitstring_init
 .text.bitstring_set_bit
                0x0000341e       0x52 ./libbacnet.a(bacstr.o)
                0x0000341e                bitstring_set_bit
 .text.bitstring_bits_used
                0x00003470        0x6 ./libbacnet.a(bacstr.o)
                0x00003470                bitstring_bits_used
 .text.bitstring_bytes_used
                0x00003476       0x18 ./libbacnet.a(bacstr.o)
                0x00003476                bitstring_bytes_used
 .text.bitstring_octet
                0x0000348e       0x16 ./libbacnet.a(bacstr.o)
                0x0000348e                bitstring_octet
 .text.characterstring_init
                0x000034a4       0x70 ./libbacnet.a(bacstr.o)
                0x000034a4                characterstring_init
 .text.characterstring_init_ansi
                0x00003514       0x28 ./libbacnet.a(bacstr.o)
                0x00003514                characterstring_init_ansi
 .text.characterstring_ansi_copy
                0x0000353c       0x56 ./libbacnet.a(bacstr.o)
                0x0000353c                characterstring_ansi_copy
 .text.characterstring_value
                0x00003592        0xe ./libbacnet.a(bacstr.o)
                0x00003592                characterstring_value
 .text.characterstring_length
                0x000035a0       0x12 ./libbacnet.a(bacstr.o)
                0x000035a0                characterstring_length
 .text.characterstring_encoding
                0x000035b2        0xe ./libbacnet.a(bacstr.o)
                0x000035b2                characterstring_encoding
 .text.iam_encode_apdu
                0x000035c0       0x7e ./libbacnet.a(iam.o)
                0x000035c0                iam_encode_apdu
 .text.rp_decode_service_request
                0x0000363e      0x164 ./libbacnet.a(rp.o)
                0x0000363e                rp_decode_service_request
 .text.rp_ack_encode_apdu_init
                0x000037a2       0x9c ./libbacnet.a(rp.o)
                0x000037a2                rp_ack_encode_apdu_init
 .text.rp_ack_encode_apdu_object_property_end
                0x0000383e       0x12 ./libbacnet.a(rp.o)
                0x0000383e                rp_ack_encode_apdu_object_property_end
 .text.wp_decode_service_request
                0x00003850      0x20c ./libbacnet.a(wp.o)
                0x00003850                wp_decode_service_request
 .text.whois_decode_service_request
                0x00003a5c      0x138 ./libbacnet.a(whois.o)
                0x00003a5c                whois_decode_service_request
 .text.abort_encode_apdu
                0x00003b94       0x22 ./libbacnet.a(abort.o)
                0x00003b94                abort_encode_apdu
 .text.reject_encode_apdu
                0x00003bb6       0x1a ./libbacnet.a(reject.o)
                0x00003bb6                reject_encode_apdu
 .text.bacerror_encode_apdu
                0x00003bd0       0x50 ./libbacnet.a(bacerror.o)
                0x00003bd0                bacerror_encode_apdu
 .text.bacapp_decode_data
                0x00003c20       0xd2 ./libbacnet.a(bacapp.o)
                0x00003c20                bacapp_decode_data
 .text.bacapp_decode_application_data
                0x00003cf2       0x8e ./libbacnet.a(bacapp.o)
                0x00003cf2                bacapp_decode_application_data
 .text.bacapp_decode_data_len
                0x00003d80       0x14 ./libbacnet.a(bacapp.o)
                0x00003d80                bacapp_decode_data_len
 .text.bacapp_decode_application_data_len
                0x00003d94       0x62 ./libbacnet.a(bacapp.o)
                0x00003d94                bacapp_decode_application_data_len
 .text.bacapp_context_tag_type
                0x00003df6       0xda ./libbacnet.a(bacapp.o)
                0x00003df6                bacapp_context_tag_type
 .text.bacapp_decode_context_data_len
                0x00003ed0       0x7a ./libbacnet.a(bacapp.o)
                0x00003ed0                bacapp_decode_context_data_len
 .text.bacapp_data_len
                0x00003f4a       0xdc ./libbacnet.a(bacapp.o)
                0x00003f4a                bacapp_data_len
 .text.libgcc.div
                0x00004026       0x28 /usr/local/CrossPack-AVR-20131216/lib/gcc/avr/4.8.1/avr5/libgcc.a(_divmodhi4.o)
                0x00004026                __divmodhi4
                0x00004026                _div
 .text.libgcc.div
                0x0000404e       0x44 /usr/local/CrossPack-AVR-20131216/lib/gcc/avr/4.8.1/avr5/libgcc.a(_udivmodsi4.o)
                0x0000404e                __udivmodsi4
 .text.libgcc   0x00004092        0xc /usr/local/CrossPack-AVR-20131216/lib/gcc/avr/4.8.1/avr5/libgcc.a(_tablejump.o)
                0x00004092                __tablejump2__
                0x00004096                __tablejump__
 .text.libgcc.prologue
                0x0000409e       0x38 /usr/local/CrossPack-AVR-20131216/lib/gcc/avr/4.8.1/avr5/libgcc.a(_prologue.o)
                0x0000409e                __prologue_saves__
 .text.libgcc.prologue
                0x000040d6       0x36 /usr/local/CrossPack-AVR-20131216/lib/gcc/avr/4.8.1/avr5/libgcc.a(_epilogue.o)
                0x000040d6                __epilogue_restores__
 .text.libgcc.div
                0x0000410c       0x28 /usr/local/CrossPack-AVR-20131216/lib/gcc/avr/4.8.1/avr5/libgcc.a(_udivmodhi4.o)
                0x0000410c                __udivmodhi4
                0x00004134                . = ALIGN (0x2)
 *(.fini9)
 .fini9         0x00004134        0x0 /usr/local/CrossPack-AVR-20131216/lib/gcc/avr/4.8.1/avr5/libgcc.a(_exit.o)
                0x00004134                exit
                0x00004134                _exit
 *(.fini9)
 *(.fini8)
 *(.fini8)
 *(.fini7)
 *(.fini7)
 *(.fini6)
 *(.fini6)
 *(.fini5)
 *(.fini5)
 *(.fini4)
 *(.fini4)
 *(.fini3)
 *(.fini3)
 *(.fini2)
 *(.fini2)
 *(.fini1)
 *(.fini1)
 *(.fini0)
 .fini0         0x00004134        0x4 /usr/local/CrossPack-AVR-20131216/lib/gcc/avr/4.8.1/avr5/libgcc.a(_exit.o)
 *(.fini0)
                0x00004138                _etext = .

.data           0x00800100       0x72 load address 0x00004138
                0x00800100                PROVIDE (__data_start, .)
 *(.data)
 .data          0x00800100        0x0 /usr/local/CrossPack-AVR-20131216/lib/gcc/avr/4.8.1/../../../../avr/lib/avr5/crtm168.o
 .data          0x00800100        0x0 main.o
 .data          0x00800100        0x0 timer.o
 .data          0x00800100        0x0 stack.o
 .data          0x00800100        0x0 rs485.o
 .data          0x00800100        0x0 dlmstp.o
 .data          0x00800100        0x0 apdu.o
 .data          0x00800100        0x0 h_rp.o
 .data          0x00800100        0x0 device.o
 .data          0x00800100        0x0 av.o
 .data          0x00800100        0x0 bv.o
 .data          0x00800100        0x0 h_whois.o
 .data          0x00800100        0x0 h_wp.o
 .data          0x00800100        0x0 ../../demo/handler/txbuf.o
 .data          0x00800100        0x0 ../../demo/handler/h_npdu.o
 .data          0x00800100        0x0 ../../demo/handler/s_iam.o
 .data          0x00800100        0x0 ../../demo/handler/noserv.o
 .data          0x00800100        0x0 ./libbacnet.a(crc.o)
 .data          0x00800100        0x0 ./libbacnet.a(npdu.o)
 .data          0x00800100        0x0 ./libbacnet.a(bacdcode.o)
 .data          0x00800100        0x0 ./libbacnet.a(bacint.o)
 .data          0x00800100        0x0 ./libbacnet.a(bacreal.o)
 .data          0x00800100        0x0 ./libbacnet.a(bacstr.o)
 .data          0x00800100        0x0 ./libbacnet.a(iam.o)
 .data          0x00800100        0x0 ./libbacnet.a(rp.o)
 .data          0x00800100        0x0 ./libbacnet.a(wp.o)
 .data          0x00800100        0x0 ./libbacnet.a(whois.o)
 .data          0x00800100        0x0 ./libbacnet.a(bacaddr.o)
 .data          0x00800100        0x0 ./libbacnet.a(abort.o)
 .data          0x00800100        0x0 ./libbacnet.a(reject.o)
 .data          0x00800100        0x0 ./libbacnet.a(bacerror.o)
 .data          0x00800100        0x0 ./libbacnet.a(bacapp.o)
 .data          0x00800100        0x0 /usr/local/CrossPack-AVR-20131216/lib/gcc/avr/4.8.1/avr5/libgcc.a(_divmodhi4.o)
 .data          0x00800100        0x0 /usr/local/CrossPack-AVR-20131216/lib/gcc/avr/4.8.1/avr5/libgcc.a(_udivmodsi4.o)
 .data          0x00800100        0x0 /usr/local/CrossPack-AVR-20131216/lib/gcc/avr/4.8.1/avr5/libgcc.a(_exit.o)
 .data          0x00800100        0x0 /usr/local/CrossPack-AVR-20131216/lib/gcc/avr/4.8.1/avr5/libgcc.a(_tablejump.o)
 .data          0x00800100        0x0 /usr/local/CrossPack-AVR-20131216/lib/gcc/avr/4.8.1/avr5/libgcc.a(_copy_data.o)
 .data          0x00800100        0x0 /usr/local/CrossPack-AVR-20131216/lib/gcc/avr/4.8.1/avr5/libgcc.a(_clear_bss.o)
 .data          0x00800100        0x0 /usr/local/CrossPack-AVR-20131216/lib/gcc/avr/4.8.1/avr5/libgcc.a(_prologue.o)
 .data          0x00800100        0x0 /usr/local/CrossPack-AVR-20131216/lib/gcc/avr/4.8.1/avr5/libgcc.a(_epilogue.o)
 .data          0x00800100        0x0 /usr/local/CrossPack-AVR-20131216/lib/gcc/avr/4.8.1/avr5/libgcc.a(_udivmodhi4.o)
 *(.data*)
 .data.RS485_Baud
                0x00800100        0x4 rs485.o
 .data.Object_Name
                0x00800104       0x14 device.o
 .data.Object_Instance_Number
                0x00800118        0x4 device.o
 .data.text_string.4436
                0x0080011c        0x5 av.o
 .data.text_string.4435
                0x00800121        0x5 bv.o
 .data.Send_I_Am_Flag
                0x00800126        0x1 h_whois.o
                0x00800126                Send_I_Am_Flag
 *(.rodata)
 *(.rodata*)
 .rodata.str1.1
                0x00800127       0x2f device.o
 .rodata.CSWTCH.102
                0x00800156        0xc ./libbacnet.a(bacdcode.o)
 .rodata.CSWTCH.41
                0x00800162        0x3 ./libbacnet.a(bacapp.o)
 .rodata.CSWTCH.40
                0x00800165        0x4 ./libbacnet.a(bacapp.o)
 .rodata.CSWTCH.39
                0x00800169        0x9 ./libbacnet.a(bacapp.o)
 *(.gnu.linkonce.d*)
                0x00800172                . = ALIGN (0x2)
                0x00800172                _edata = .
                0x00800172                PROVIDE (__data_end, .)

.bss            0x00800172      0x14f
                0x00800172                PROVIDE (__bss_start, .)
 *(.bss)
 *(.bss*)
 .bss.old_value.5581
                0x00800172        0x1 main.o
 .bss.PDUBuffer
                0x00800173       0x56 main.o
 .bss.Address_Switch
                0x008001c9        0x1 main.o
 .bss.SilenceTime
                0x008001ca        0x2 timer.o
 .bss.Timer_Milliseconds
                0x008001cc        0x1 timer.o
                0x008001cc                Timer_Milliseconds
 .bss.LED3_Off_Timer
                0x008001cd        0x1 rs485.o
 .bss.LED1_Off_Timer
                0x008001ce        0x1 rs485.o
 .bss.RetryCount.5567
                0x008001cf        0x2 dlmstp.o
 .bss.FrameCount.5564
                0x008001d1        0x1 dlmstp.o
 .bss.TokenCount.5568
                0x008001d2        0x2 dlmstp.o
 .bss.Next_Station.5565
                0x008001d4        0x1 dlmstp.o
 .bss.Poll_Station.5566
                0x008001d5        0x1 dlmstp.o
 .bss.DataCRC.5552
                0x008001d6        0x2 dlmstp.o
 .bss.HeaderCRC.5553
                0x008001d8        0x1 dlmstp.o
 .bss.Index.5554
                0x008001d9        0x2 dlmstp.o
 .bss.TransmitPacketDest
                0x008001db        0x1 dlmstp.o
 .bss.TransmitPacketLen
                0x008001dc        0x2 dlmstp.o
 .bss.TransmitPacket
                0x008001de        0x2 dlmstp.o
 .bss.Nmax_master
                0x008001e0        0x1 dlmstp.o
 .bss.Nmax_info_frames
                0x008001e1        0x1 dlmstp.o
 .bss.This_Station
                0x008001e2        0x1 dlmstp.o
 .bss.SourceAddress
                0x008001e3        0x1 dlmstp.o
 .bss.InputBufferSize
                0x008001e4        0x2 dlmstp.o
 .bss.InputBuffer
                0x008001e6        0x2 dlmstp.o
 .bss.FrameType
                0x008001e8        0x1 dlmstp.o
 .bss.EventCount
                0x008001e9        0x1 dlmstp.o
 .bss.DestinationAddress
                0x008001ea        0x1 dlmstp.o
 .bss.DataLength
                0x008001eb        0x2 dlmstp.o
 .bss.MSTP_Flag
                0x008001ed        0x1 dlmstp.o
 .bss.Master_State
                0x008001ee        0x2 dlmstp.o
 .bss.Receive_State
                0x008001f0        0x2 dlmstp.o
 .bss.Present_Value
                0x008001f2       0x14 bv.o
 .bss.wp_data   0x00800206       0x47 h_wp.o
 .bss.Handler_Transmit_Buffer
                0x0080024d       0x4c ../../demo/handler/txbuf.o
                0x0080024d                Handler_Transmit_Buffer
 *(COMMON)
 COMMON         0x00800299       0x28 av.o
                0x00800299                AV_Present_Value
                0x008002c1                PROVIDE (__bss_end, .)
                0x00004138                __data_load_start = LOADADDR (.data)
                0x000041aa                __data_load_end = (__data_load_start + SIZEOF (.data))

.noinit         0x008002c1        0x0
                0x008002c1                PROVIDE (__noinit_start, .)
 *(.noinit*)
                0x008002c1                PROVIDE (__noinit_end, .)
                0x008002c1                _end = .
                0x008002c1                PROVIDE (__heap_start, .)

.eeprom         0x00810000        0x0
 *(.eeprom*)
                0x00810000                __eeprom_end = .

.fuse
 *(.fuse)
 *(.lfuse)
 *(.hfuse)
 *(.efuse)

.lock
 *(.lock*)

.signature
 *(.signature*)

.user_signatures
 *(.user_signatures*)

.stab
 *(.stab)

.stabstr
 *(.stabstr)

.stab.excl
 *(.stab.excl)

.stab.exclstr
 *(.stab.exclstr)

.stab.index
 *(.stab.index)

.stab.indexstr
 *(.stab.indexstr)

.comment        0x00000000       0x11
 *(.comment)
 .comment       0x00000000       0x11 main.o
                                 0x12 (size before relaxing)
 .comment       0x00000000       0x12 timer.o
 .comment       0x00000000       0x12 stack.o
 .comment       0x00000000       0x12 rs485.o
 .comment       0x00000000       0x12 dlmstp.o
 .comment       0x00000000       0x12 apdu.o
 .comment       0x00000000       0x12 h_rp.o
 .comment       0x00000000       0x12 device.o
 .comment       0x00000000       0x12 av.o
 .comment       0x00000000       0x12 bv.o
 .comment       0x00000000       0x12 h_whois.o
 .comment       0x00000000       0x12 h_wp.o
 .comment       0x00000000       0x12 ../../demo/handler/txbuf.o
 .comment       0x00000000       0x12 ../../demo/handler/h_npdu.o
 .comment       0x00000000       0x12 ../../demo/handler/s_iam.o
 .comment       0x00000000       0x12 ../../demo/handler/noserv.o
 .comment       0x00000000       0x12 ./libbacnet.a(crc.o)
 .comment       0x00000000       0x12 ./libbacnet.a(npdu.o)
 .comment       0x00000000       0x12 ./libbacnet.a(bacdcode.o)
 .comment       0x00000000       0x12 ./libbacnet.a(bacint.o)
 .comment       0x00000000       0x12 ./libbacnet.a(bacreal.o)
 .comment       0x00000000       0x12 ./libbacnet.a(bacstr.o)
 .comment       0x00000000       0x12 ./libbacnet.a(iam.o)
 .comment       0x00000000       0x12 ./libbacnet.a(rp.o)
 .comment       0x00000000       0x12 ./libbacnet.a(wp.o)
 .comment       0x00000000       0x12 ./libbacnet.a(whois.o)
 .comment       0x00000000       0x12 ./libbacnet.a(bacaddr.o)
 .comment       0x00000000       0x12 ./libbacnet.a(abort.o)
 .comment       0x00000000       0x12 ./libbacnet.a(reject.o)
 .comment       0x00000000       0x12 ./libbacnet.a(bacerror.o)
 .comment       0x00000000       0x12 ./libbacnet.a(bacapp.o)

.debug
 *(.debug)

.line
 *(.line)

.debug_srcinfo
 *(.debug_srcinfo)

.debug_sfnames
 *(.debug_sfnames)

.debug_aranges  0x00000000      0xc00
 *(.debug_aranges)
 .debug_aranges
                0x00000000       0x28 main.o
 .debug_aranges
                0x00000028       0x38 timer.o
 .debug_aranges
                0x00000060       0x38 stack.o
 .debug_aranges
                0x00000098       0x60 rs485.o
 .debug_aranges
                0x000000f8       0x88 dlmstp.o
 .debug_aranges
                0x00000180       0x30 apdu.o
 .debug_aranges
                0x000001b0       0x28 h_rp.o
 .debug_aranges
                0x000001d8       0x60 device.o
 .debug_aranges
                0x00000238       0x50 av.o
 .debug_aranges
                0x00000288       0x50 bv.o
 .debug_aranges
                0x000002d8       0x20 h_whois.o
 .debug_aranges
                0x000002f8       0x20 h_wp.o
 .debug_aranges
                0x00000318       0x18 ../../demo/handler/txbuf.o
 .debug_aranges
                0x00000330       0x20 ../../demo/handler/h_npdu.o
 .debug_aranges
                0x00000350       0x40 ../../demo/handler/s_iam.o
 .debug_aranges
                0x00000390       0x20 ../../demo/handler/noserv.o
 .debug_aranges
                0x000003b0       0x28 ./libbacnet.a(crc.o)
 .debug_aranges
                0x000003d8       0x38 ./libbacnet.a(npdu.o)
 .debug_aranges
                0x00000410      0x2b8 ./libbacnet.a(bacdcode.o)
 .debug_aranges
                0x000006c8       0x88 ./libbacnet.a(bacint.o)
 .debug_aranges
                0x00000750       0x58 ./libbacnet.a(bacreal.o)
 .debug_aranges
                0x000007a8      0x138 ./libbacnet.a(bacstr.o)
 .debug_aranges
                0x000008e0       0x28 ./libbacnet.a(iam.o)
 .debug_aranges
                0x00000908       0x48 ./libbacnet.a(rp.o)
 .debug_aranges
                0x00000950       0x28 ./libbacnet.a(wp.o)
 .debug_aranges
                0x00000978       0x28 ./libbacnet.a(whois.o)
 .debug_aranges
                0x000009a0       0x28 ./libbacnet.a(bacaddr.o)
 .debug_aranges
                0x000009c8       0x30 ./libbacnet.a(abort.o)
 .debug_aranges
                0x000009f8       0x30 ./libbacnet.a(reject.o)
 .debug_aranges
                0x00000a28       0x30 ./libbacnet.a(bacerror.o)
 .debug_aranges
                0x00000a58       0x88 ./libbacnet.a(bacapp.o)
 .debug_aranges
                0x00000ae0       0x20 /usr/local/CrossPack-AVR-20131216/lib/gcc/avr/4.8.1/avr5/libgcc.a(_divmodhi4.o)
 .debug_aranges
                0x00000b00       0x20 /usr/local/CrossPack-AVR-20131216/lib/gcc/avr/4.8.1/avr5/libgcc.a(_udivmodsi4.o)
 .debug_aranges
                0x00000b20       0x20 /usr/local/CrossPack-AVR-20131216/lib/gcc/avr/4.8.1/avr5/libgcc.a(_exit.o)
 .debug_aranges
                0x00000b40       0x20 /usr/local/CrossPack-AVR-20131216/lib/gcc/avr/4.8.1/avr5/libgcc.a(_tablejump.o)
 .debug_aranges
                0x00000b60       0x20 /usr/local/CrossPack-AVR-20131216/lib/gcc/avr/4.8.1/avr5/libgcc.a(_copy_data.o)
 .debug_aranges
                0x00000b80       0x20 /usr/local/CrossPack-AVR-20131216/lib/gcc/avr/4.8.1/avr5/libgcc.a(_clear_bss.o)
 .debug_aranges
                0x00000ba0       0x20 /usr/local/CrossPack-AVR-20131216/lib/gcc/avr/4.8.1/avr5/libgcc.a(_prologue.o)
 .debug_aranges
                0x00000bc0       0x20 /usr/local/CrossPack-AVR-20131216/lib/gcc/avr/4.8.1/avr5/libgcc.a(_epilogue.o)
 .debug_aranges
                0x00000be0       0x20 /usr/local/CrossPack-AVR-20131216/lib/gcc/avr/4.8.1/avr5/libgcc.a(_udivmodhi4.o)

.debug_pubnames
 *(.debug_pubnames)

.debug_info     0x00000000    0x1a63a
 *(.debug_info)
 .debug_info    0x00000000      0x441 main.o
 .debug_info    0x00000441      0x118 timer.o
 .debug_info    0x00000559      0x126 stack.o
 .debug_info    0x0000067f      0x2b9 rs485.o
 .debug_info    0x00000938      0xf52 dlmstp.o
 .debug_info    0x0000188a      0x70c apdu.o
 .debug_info    0x00001f96     0x1ca5 h_rp.o
 .debug_info    0x00003c3b     0x20ea device.o
 .debug_info    0x00005d25     0x2303 av.o
 .debug_info    0x00008028     0x1c8f bv.o
 .debug_info    0x00009cb7      0x238 h_whois.o
 .debug_info    0x00009eef     0x1af1 h_wp.o
 .debug_info    0x0000b9e0       0x91 ../../demo/handler/txbuf.o
 .debug_info    0x0000ba71      0x392 ../../demo/handler/h_npdu.o
 .debug_info    0x0000be03      0x991 ../../demo/handler/s_iam.o
 .debug_info    0x0000c794      0x543 ../../demo/handler/noserv.o
 .debug_info    0x0000ccd7      0x10c ./libbacnet.a(crc.o)
 .debug_info    0x0000cde3      0x501 ./libbacnet.a(npdu.o)
 .debug_info    0x0000d2e4     0x3d43 ./libbacnet.a(bacdcode.o)
 .debug_info    0x00011027      0x442 ./libbacnet.a(bacint.o)
 .debug_info    0x00011469      0x551 ./libbacnet.a(bacreal.o)
 .debug_info    0x000119ba      0xf99 ./libbacnet.a(bacstr.o)
 .debug_info    0x00012953      0x7fe ./libbacnet.a(iam.o)
 .debug_info    0x00013151     0x1c46 ./libbacnet.a(rp.o)
 .debug_info    0x00014d97     0x1a0c ./libbacnet.a(wp.o)
 .debug_info    0x000167a3      0x39e ./libbacnet.a(whois.o)
 .debug_info    0x00016b41      0x19c ./libbacnet.a(bacaddr.o)
 .debug_info    0x00016cdd      0x5d0 ./libbacnet.a(abort.o)
 .debug_info    0x000172ad      0x5ce ./libbacnet.a(reject.o)
 .debug_info    0x0001787b      0x982 ./libbacnet.a(bacerror.o)
 .debug_info    0x000181fd     0x1d8f ./libbacnet.a(bacapp.o)
 .debug_info    0x00019f8c       0xbe /usr/local/CrossPack-AVR-20131216/lib/gcc/avr/4.8.1/avr5/libgcc.a(_divmodhi4.o)
 .debug_info    0x0001a04a       0xbe /usr/local/CrossPack-AVR-20131216/lib/gcc/avr/4.8.1/avr5/libgcc.a(_udivmodsi4.o)
 .debug_info    0x0001a108       0xbe /usr/local/CrossPack-AVR-20131216/lib/gcc/avr/4.8.1/avr5/libgcc.a(_exit.o)
 .debug_info    0x0001a1c6       0xbe /usr/local/CrossPack-AVR-20131216/lib/gcc/avr/4.8.1/avr5/libgcc.a(_tablejump.o)
 .debug_info    0x0001a284       0xbe /usr/local/CrossPack-AVR-20131216/lib/gcc/avr/4.8.1/avr5/libgcc.a(_copy_data.o)
 .debug_info    0x0001a342       0xbe /usr/local/CrossPack-AVR-20131216/lib/gcc/avr/4.8.1/avr5/libgcc.a(_clear_bss.o)
 .debug_info    0x0001a400       0xbe /usr/local/CrossPack-AVR-20131216/lib/gcc/avr/4.8.1/avr5/libgcc.a(_prologue.o)
 .debug_info    0x0001a4be       0xbe /usr/local/CrossPack-AVR-20131216/lib/gcc/avr/4.8.1/avr5/libgcc.a(_epilogue.o)
 .debug_info    0x0001a57c       0xbe /usr/local/CrossPack-AVR-20131216/lib/gcc/avr/4.8.1/avr5/libgcc.a(_udivmodhi4.o)
 *(.gnu.linkonce.wi.*)

.debug_abbrev   0x00000000     0x31e2
 *(.debug_abbrev)
 .debug_abbrev  0x00000000      0x1ed main.o
 .debug_abbrev  0x000001ed       0xac timer.o
 .debug_abbrev  0x00000299       0xce stack.o
 .debug_abbrev  0x00000367      0x18f rs485.o
 .debug_abbrev  0x000004f6      0x38b dlmstp.o
 .debug_abbrev  0x00000881      0x1bf apdu.o
 .debug_abbrev  0x00000a40      0x1d4 h_rp.o
 .debug_abbrev  0x00000c14      0x321 device.o
 .debug_abbrev  0x00000f35      0x271 av.o
 .debug_abbrev  0x000011a6      0x282 bv.o
 .debug_abbrev  0x00001428      0x14a h_whois.o
 .debug_abbrev  0x00001572      0x1ad h_wp.o
 .debug_abbrev  0x0000171f       0x56 ../../demo/handler/txbuf.o
 .debug_abbrev  0x00001775      0x14b ../../demo/handler/h_npdu.o
 .debug_abbrev  0x000018c0      0x1c7 ../../demo/handler/s_iam.o
 .debug_abbrev  0x00001a87      0x180 ../../demo/handler/noserv.o
 .debug_abbrev  0x00001c07       0x9c ./libbacnet.a(crc.o)
 .debug_abbrev  0x00001ca3      0x1e6 ./libbacnet.a(npdu.o)
 .debug_abbrev  0x00001e89      0x2f4 ./libbacnet.a(bacdcode.o)
 .debug_abbrev  0x0000217d       0xa5 ./libbacnet.a(bacint.o)
 .debug_abbrev  0x00002222      0x13e ./libbacnet.a(bacreal.o)
 .debug_abbrev  0x00002360      0x29d ./libbacnet.a(bacstr.o)
 .debug_abbrev  0x000025fd      0x127 ./libbacnet.a(iam.o)
 .debug_abbrev  0x00002724      0x16c ./libbacnet.a(rp.o)
 .debug_abbrev  0x00002890      0x162 ./libbacnet.a(wp.o)
 .debug_abbrev  0x000029f2      0x118 ./libbacnet.a(whois.o)
 .debug_abbrev  0x00002b0a      0x102 ./libbacnet.a(bacaddr.o)
 .debug_abbrev  0x00002c0c       0xd7 ./libbacnet.a(abort.o)
 .debug_abbrev  0x00002ce3       0xd7 ./libbacnet.a(reject.o)
 .debug_abbrev  0x00002dba      0x134 ./libbacnet.a(bacerror.o)
 .debug_abbrev  0x00002eee      0x240 ./libbacnet.a(bacapp.o)
 .debug_abbrev  0x0000312e       0x14 /usr/local/CrossPack-AVR-20131216/lib/gcc/avr/4.8.1/avr5/libgcc.a(_divmodhi4.o)
 .debug_abbrev  0x00003142       0x14 /usr/local/CrossPack-AVR-20131216/lib/gcc/avr/4.8.1/avr5/libgcc.a(_udivmodsi4.o)
 .debug_abbrev  0x00003156       0x14 /usr/local/CrossPack-AVR-20131216/lib/gcc/avr/4.8.1/avr5/libgcc.a(_exit.o)
 .debug_abbrev  0x0000316a       0x14 /usr/local/CrossPack-AVR-20131216/lib/gcc/avr/4.8.1/avr5/libgcc.a(_tablejump.o)
 .debug_abbrev  0x0000317e       0x14 /usr/local/CrossPack-AVR-20131216/lib/gcc/avr/4.8.1/avr5/libgcc.a(_copy_data.o)
 .debug_abbrev  0x00003192       0x14 /usr/local/CrossPack-AVR-20131216/lib/gcc/avr/4.8.1/avr5/libgcc.a(_clear_bss.o)
 .debug_abbrev  0x000031a6       0x14 /usr/local/CrossPack-AVR-20131216/lib/gcc/avr/4.8.1/avr5/libgcc.a(_prologue.o)
 .debug_abbrev  0x000031ba       0x14 /usr/local/CrossPack-AVR-20131216/lib/gcc/avr/4.8.1/avr5/libgcc.a(_epilogue.o)
 .debug_abbrev  0x000031ce       0x14 /usr/local/CrossPack-AVR-20131216/lib/gcc/avr/4.8.1/avr5/libgcc.a(_udivmodhi4.o)

.debug_line     0x00000000     0x341b
 *(.debug_line)
 .debug_line    0x00000000       0xdb main.o
 .debug_line    0x000000db       0x87 timer.o
 .debug_line    0x00000162       0x86 stack.o
 .debug_line    0x000001e8      0x131 rs485.o
 .debug_line    0x00000319      0x37f dlmstp.o
 .debug_line    0x00000698       0xd6 apdu.o
 .debug_line    0x0000076e      0x108 h_rp.o
 .debug_line    0x00000876      0x2af device.o
 .debug_line    0x00000b25      0x1a5 av.o
 .debug_line    0x00000cca      0x1b5 bv.o
 .debug_line    0x00000e7f       0x85 h_whois.o
 .debug_line    0x00000f04       0xf9 h_wp.o
 .debug_line    0x00000ffd       0x46 ../../demo/handler/txbuf.o
 .debug_line    0x00001043       0xb0 ../../demo/handler/h_npdu.o
 .debug_line    0x000010f3      0x120 ../../demo/handler/s_iam.o
 .debug_line    0x00001213       0xbf ../../demo/handler/noserv.o
 .debug_line    0x000012d2       0x69 ./libbacnet.a(crc.o)
 .debug_line    0x0000133b      0x19c ./libbacnet.a(npdu.o)
 .debug_line    0x000014d7      0x9d0 ./libbacnet.a(bacdcode.o)
 .debug_line    0x00001ea7      0x160 ./libbacnet.a(bacint.o)
 .debug_line    0x00002007      0x10d ./libbacnet.a(bacreal.o)
 .debug_line    0x00002114      0x539 ./libbacnet.a(bacstr.o)
 .debug_line    0x0000264d       0xbb ./libbacnet.a(iam.o)
 .debug_line    0x00002708      0x15f ./libbacnet.a(rp.o)
 .debug_line    0x00002867      0x10e ./libbacnet.a(wp.o)
 .debug_line    0x00002975       0xb3 ./libbacnet.a(whois.o)
 .debug_line    0x00002a28       0xb7 ./libbacnet.a(bacaddr.o)
 .debug_line    0x00002adf       0x9e ./libbacnet.a(abort.o)
 .debug_line    0x00002b7d       0x9d ./libbacnet.a(reject.o)
 .debug_line    0x00002c1a       0xc4 ./libbacnet.a(bacerror.o)
 .debug_line    0x00002cde      0x398 ./libbacnet.a(bacapp.o)
 .debug_line    0x00003076       0x69 /usr/local/CrossPack-AVR-20131216/lib/gcc/avr/4.8.1/avr5/libgcc.a(_divmodhi4.o)
 .debug_line    0x000030df       0x78 /usr/local/CrossPack-AVR-20131216/lib/gcc/avr/4.8.1/avr5/libgcc.a(_udivmodsi4.o)
 .debug_line    0x00003157       0x58 /usr/local/CrossPack-AVR-20131216/lib/gcc/avr/4.8.1/avr5/libgcc.a(_exit.o)
 .debug_line    0x000031af       0x5c /usr/local/CrossPack-AVR-20131216/lib/gcc/avr/4.8.1/avr5/libgcc.a(_tablejump.o)
 .debug_line    0x0000320b       0x61 /usr/local/CrossPack-AVR-20131216/lib/gcc/avr/4.8.1/avr5/libgcc.a(_copy_data.o)
 .debug_line    0x0000326c       0x5e /usr/local/CrossPack-AVR-20131216/lib/gcc/avr/4.8.1/avr5/libgcc.a(_clear_bss.o)
 .debug_line    0x000032ca       0x74 /usr/local/CrossPack-AVR-20131216/lib/gcc/avr/4.8.1/avr5/libgcc.a(_prologue.o)
 .debug_line    0x0000333e       0x73 /usr/local/CrossPack-AVR-20131216/lib/gcc/avr/4.8.1/avr5/libgcc.a(_epilogue.o)
 .debug_line    0x000033b1       0x6a /usr/local/CrossPack-AVR-20131216/lib/gcc/avr/4.8.1/avr5/libgcc.a(_udivmodhi4.o)

.debug_frame    0x00000000     0x1d98
 *(.debug_frame)
 .debug_frame   0x00000000       0x40 main.o
 .debug_frame   0x00000040       0x70 timer.o
 .debug_frame   0x000000b0       0x54 stack.o
 .debug_frame   0x00000104       0xa4 rs485.o
 .debug_frame   0x000001a8      0x134 dlmstp.o
 .debug_frame   0x000002dc       0x78 apdu.o
 .debug_frame   0x00000354       0x74 h_rp.o
 .debug_frame   0x000003c8      0x110 device.o
 .debug_frame   0x000004d8       0xbc av.o
 .debug_frame   0x00000594       0xbc bv.o
 .debug_frame   0x00000650       0x30 h_whois.o
 .debug_frame   0x00000680       0x40 h_wp.o
 .debug_frame   0x000006c0       0x38 ../../demo/handler/h_npdu.o
 .debug_frame   0x000006f8       0xd0 ../../demo/handler/s_iam.o
 .debug_frame   0x000007c8       0x38 ../../demo/handler/noserv.o
 .debug_frame   0x00000800       0x34 ./libbacnet.a(crc.o)
 .debug_frame   0x00000834       0x88 ./libbacnet.a(npdu.o)
 .debug_frame   0x000008bc      0xac8 ./libbacnet.a(bacdcode.o)
 .debug_frame   0x00001384       0xf4 ./libbacnet.a(bacint.o)
 .debug_frame   0x00001478       0xcc ./libbacnet.a(bacreal.o)
 .debug_frame   0x00001544      0x294 ./libbacnet.a(bacstr.o)
 .debug_frame   0x000017d8       0x6c ./libbacnet.a(iam.o)
 .debug_frame   0x00001844       0xf8 ./libbacnet.a(rp.o)
 .debug_frame   0x0000193c       0x70 ./libbacnet.a(wp.o)
 .debug_frame   0x000019ac       0x64 ./libbacnet.a(whois.o)
 .debug_frame   0x00001a10       0x4c ./libbacnet.a(bacaddr.o)
 .debug_frame   0x00001a5c       0x44 ./libbacnet.a(abort.o)
 .debug_frame   0x00001aa0       0x44 ./libbacnet.a(reject.o)
 .debug_frame   0x00001ae4       0x9c ./libbacnet.a(bacerror.o)
 .debug_frame   0x00001b80      0x218 ./libbacnet.a(bacapp.o)

.debug_str      0x00000000     0x9a85
 *(.debug_str)
 .debug_str     0x00000000      0x2dd main.o
                                0x30e (size before relaxing)
 .debug_str     0x000002dd       0x48 timer.o
                                0x1a0 (size before relaxing)
 .debug_str     0x00000325       0x3e stack.o
                                0x17b (size before relaxing)
 .debug_str     0x00000363       0xed rs485.o
                                0x2a5 (size before relaxing)
 .debug_str     0x00000450      0x9c0 dlmstp.o
                                0xca0 (size before relaxing)
 .debug_str     0x00000e10      0xde2 apdu.o
                                0xfaa (size before relaxing)
 .debug_str     0x00001bf2     0x44ac h_rp.o
                               0x50b1 (size before relaxing)
 .debug_str     0x0000609e      0x9e1 device.o
                               0x54d5 (size before relaxing)
 .debug_str     0x00006a7f     0x1948 av.o
                               0x645b (size before relaxing)
 .debug_str     0x000083c7      0x119 bv.o
                               0x4d22 (size before relaxing)
 .debug_str     0x000084e0       0x4a h_whois.o
                                0x22e (size before relaxing)
 .debug_str     0x0000852a       0x33 h_wp.o
                               0x4fb5 (size before relaxing)
 .debug_str     0x0000855d       0x1b ../../demo/handler/txbuf.o
                                0x16d (size before relaxing)
 .debug_str     0x00008578       0x34 ../../demo/handler/h_npdu.o
                                0x6d8 (size before relaxing)
 .debug_str     0x000085ac       0xb6 ../../demo/handler/s_iam.o
                                0x7f2 (size before relaxing)
 .debug_str     0x00008662      0x1d9 ../../demo/handler/noserv.o
                                0x91e (size before relaxing)
 .debug_str     0x0000883b       0x2a ./libbacnet.a(crc.o)
                                0x17c (size before relaxing)
 .debug_str     0x00008865       0x70 ./libbacnet.a(npdu.o)
                                0x66a (size before relaxing)
 .debug_str     0x000088d5      0xa39 ./libbacnet.a(bacdcode.o)
                               0x13b8 (size before relaxing)
 .debug_str     0x0000930e       0x13 ./libbacnet.a(bacint.o)
                                0x25c (size before relaxing)
 .debug_str     0x00009321       0x94 ./libbacnet.a(bacreal.o)
                                0x270 (size before relaxing)
 .debug_str     0x000093b5      0x269 ./libbacnet.a(bacstr.o)
                                0x695 (size before relaxing)
 .debug_str     0x0000961e       0x67 ./libbacnet.a(iam.o)
                                0xf37 (size before relaxing)
 .debug_str     0x00009685       0x69 ./libbacnet.a(rp.o)
                               0x4a7a (size before relaxing)
 .debug_str     0x000096ee       0x35 ./libbacnet.a(wp.o)
                               0x4a44 (size before relaxing)
 .debug_str     0x00009723       0x3b ./libbacnet.a(whois.o)
                                0x472 (size before relaxing)
 .debug_str     0x0000975e       0x28 ./libbacnet.a(bacaddr.o)
                                0x1b9 (size before relaxing)
 .debug_str     0x00009786       0x67 ./libbacnet.a(abort.o)
                               0x15c0 (size before relaxing)
 .debug_str     0x000097ed       0x65 ./libbacnet.a(reject.o)
                               0x1621 (size before relaxing)
 .debug_str     0x00009852       0x5a ./libbacnet.a(bacerror.o)
                               0x1eed (size before relaxing)
 .debug_str     0x000098ac      0x1d9 ./libbacnet.a(bacapp.o)
                               0x3513 (size before relaxing)

.debug_loc      0x00000000     0xcf76
 *(.debug_loc)
 .debug_loc     0x00000000       0x7c main.o
 .debug_loc     0x0000007c       0x56 timer.o
 .debug_loc     0x000000d2       0x90 stack.o
 .debug_loc     0x00000162      0x185 rs485.o
 .debug_loc     0x000002e7      0x78c dlmstp.o
 .debug_loc     0x00000a73      0x2a5 apdu.o
 .debug_loc     0x00000d18      0x39e h_rp.o
 .debug_loc     0x000010b6      0x9ed device.o
 .debug_loc     0x00001aa3      0x46f av.o
 .debug_loc     0x00001f12      0x55d bv.o
 .debug_loc     0x0000246f       0xd5 h_whois.o
 .debug_loc     0x00002544      0x189 h_wp.o
 .debug_loc     0x000026cd       0xbd ../../demo/handler/h_npdu.o
 .debug_loc     0x0000278a      0x4dd ../../demo/handler/s_iam.o
 .debug_loc     0x00002c67      0x139 ../../demo/handler/noserv.o
 .debug_loc     0x00002da0       0xc9 ./libbacnet.a(crc.o)
 .debug_loc     0x00002e69      0x692 ./libbacnet.a(npdu.o)
 .debug_loc     0x000034fb     0x4b1e ./libbacnet.a(bacdcode.o)
 .debug_loc     0x00008019      0x2ec ./libbacnet.a(bacint.o)
 .debug_loc     0x00008305      0x44a ./libbacnet.a(bacreal.o)
 .debug_loc     0x0000874f     0x1593 ./libbacnet.a(bacstr.o)
 .debug_loc     0x00009ce2      0x35f ./libbacnet.a(iam.o)
 .debug_loc     0x0000a041      0x811 ./libbacnet.a(rp.o)
 .debug_loc     0x0000a852      0x417 ./libbacnet.a(wp.o)
 .debug_loc     0x0000ac69      0x2b2 ./libbacnet.a(whois.o)
 .debug_loc     0x0000af1b      0x1b5 ./libbacnet.a(bacaddr.o)
 .debug_loc     0x0000b0d0      0x177 ./libbacnet.a(abort.o)
 .debug_loc     0x0000b247      0x157 ./libbacnet.a(reject.o)
 .debug_loc     0x0000b39e      0x509 ./libbacnet.a(bacerror.o)
 .debug_loc     0x0000b8a7     0x16cf ./libbacnet.a(bacapp.o)

.debug_macinfo
 *(.debug_macinfo)

.debug_pubtypes
 *(.debug_pubtypes)

.debug_ranges   0x00000000      0x930
 *(.debug_ranges)
 .debug_ranges  0x00000000       0x18 main.o
 .debug_ranges  0x00000018       0x28 timer.o
 .debug_ranges  0x00000040       0x28 stack.o
 .debug_ranges  0x00000068       0x50 rs485.o
 .debug_ranges  0x000000b8       0x78 dlmstp.o
 .debug_ranges  0x00000130       0x20 apdu.o
 .debug_ranges  0x00000150       0x18 h_rp.o
 .debug_ranges  0x00000168       0x50 device.o
 .debug_ranges  0x000001b8       0x40 av.o
 .debug_ranges  0x000001f8       0x40 bv.o
 .debug_ranges  0x00000238       0x10 h_whois.o
 .debug_ranges  0x00000248       0x10 h_wp.o
 .debug_ranges  0x00000258       0x10 ../../demo/handler/h_npdu.o
 .debug_ranges  0x00000268       0x30 ../../demo/handler/s_iam.o
 .debug_ranges  0x00000298       0x10 ../../demo/handler/noserv.o
 .debug_ranges  0x000002a8       0x18 ./libbacnet.a(crc.o)
 .debug_ranges  0x000002c0       0x28 ./libbacnet.a(npdu.o)
 .debug_ranges  0x000002e8      0x2a8 ./libbacnet.a(bacdcode.o)
 .debug_ranges  0x00000590       0x78 ./libbacnet.a(bacint.o)
 .debug_ranges  0x00000608       0x48 ./libbacnet.a(bacreal.o)
 .debug_ranges  0x00000650      0x170 ./libbacnet.a(bacstr.o)
 .debug_ranges  0x000007c0       0x18 ./libbacnet.a(iam.o)
 .debug_ranges  0x000007d8       0x38 ./libbacnet.a(rp.o)
 .debug_ranges  0x00000810       0x18 ./libbacnet.a(wp.o)
 .debug_ranges  0x00000828       0x18 ./libbacnet.a(whois.o)
 .debug_ranges  0x00000840       0x18 ./libbacnet.a(bacaddr.o)
 .debug_ranges  0x00000858       0x20 ./libbacnet.a(abort.o)
 .debug_ranges  0x00000878       0x20 ./libbacnet.a(reject.o)
 .debug_ranges  0x00000898       0x20 ./libbacnet.a(bacerror.o)
 .debug_ranges  0x000008b8       0x78 ./libbacnet.a(bacapp.o)

.debug_macro
 *(.debug_macro)
OUTPUT(bacnet.elf elf32-avr)
LOAD linker stubs
