Archive member included because of file (symbol)

./libbacnet.a(npdu.o)         h_rp.o (npdu_encode_pdu)
./libbacnet.a(bacdcode.o)     apdu.o (decode_max_segs)
./libbacnet.a(bacint.o)       bip.o (encode_unsigned16)
./libbacnet.a(bacreal.o)      ./libbacnet.a(bacdcode.o) (encode_bacnet_real)
./libbacnet.a(bacstr.o)       device.o (bitstring_init)
./libbacnet.a(iam.o)          h_whois.o (iam_encode_apdu)
./libbacnet.a(rp.o)           h_rp.o (rp_decode_service_request)
./libbacnet.a(wp.o)           h_wp.o (wp_decode_service_request)
./libbacnet.a(whois.o)        h_whois.o (whois_decode_service_request)
./libbacnet.a(bacaddr.o)      ../../demo/handler/s_iam.o (bacnet_address_copy)
./libbacnet.a(abort.o)        h_rp.o (abort_encode_apdu)
./libbacnet.a(reject.o)       ../../demo/handler/noserv.o (reject_encode_apdu)
./libbacnet.a(bacerror.o)     h_rp.o (bacerror_encode_apdu)
./libbacnet.a(bacapp.o)       device.o (bacapp_decode_application_data)
external/Arduino/Ethernet/lib/libArduinoEthernet.a(w5100Wrapper.o)
                              bip-init.o (SnMR_UDP)
external/Arduino/Ethernet/lib/libArduinoEthernet.a(socketWrapper.o)
                              bip-init.o (socket_func)
external/Arduino/Ethernet/lib/libArduinoEthernet.a(socket.o)
                              external/Arduino/Ethernet/lib/libArduinoEthernet.a(socketWrapper.o) (_Z5closeh)
external/Arduino/Ethernet/lib/libArduinoEthernet.a(w5100.o)
                              external/Arduino/Ethernet/lib/libArduinoEthernet.a(w5100Wrapper.o) (_ZN10W5100Class5writeEjh)
external/Arduino/Ethernet/lib/libArduinoEthernet.a(SPI.o)
                              external/Arduino/Ethernet/lib/libArduinoEthernet.a(w5100.o) (_ZN8SPIClass5beginEv)
external/Arduino/core/lib/libArduinoUnoCore.a(wiring_digital.c.o)
                              external/Arduino/Ethernet/lib/libArduinoEthernet.a(SPI.o) (pinMode)
external/Arduino/core/lib/libArduinoUnoCore.a(wiring.c.o)
                              external/Arduino/Ethernet/lib/libArduinoEthernet.a(w5100.o) (delay)
external/Arduino/core/lib/libArduinoUnoCore.a(new.cpp.o)
                              external/Arduino/Ethernet/lib/libArduinoEthernet.a(w5100Wrapper.o) (_ZdlPv)
/usr/local/CrossPack-AVR-20131216/lib/gcc/avr/4.8.1/avr5/libgcc.a(_exit.o)
                              /usr/local/CrossPack-AVR-20131216/lib/gcc/avr/4.8.1/../../../../avr/lib/avr5/crtm328p.o (exit)
/usr/local/CrossPack-AVR-20131216/lib/gcc/avr/4.8.1/avr5/libgcc.a(_tablejump.o)
                              bvlc-arduino.o (__tablejump2__)
/usr/local/CrossPack-AVR-20131216/lib/gcc/avr/4.8.1/avr5/libgcc.a(_copy_data.o)
                              main.o (__do_copy_data)
/usr/local/CrossPack-AVR-20131216/lib/gcc/avr/4.8.1/avr5/libgcc.a(_clear_bss.o)
                              main.o (__do_clear_bss)
/usr/local/CrossPack-AVR-20131216/lib/gcc/avr/4.8.1/avr5/libgcc.a(_prologue.o)
                              external/Arduino/Ethernet/lib/libArduinoEthernet.a(socket.o) (__prologue_saves__)
/usr/local/CrossPack-AVR-20131216/lib/gcc/avr/4.8.1/avr5/libgcc.a(_epilogue.o)
                              external/Arduino/Ethernet/lib/libArduinoEthernet.a(socket.o) (__epilogue_restores__)
/usr/local/CrossPack-AVR-20131216/lib/gcc/avr/4.8.1/../../../../avr/lib/avr5/libc.a(malloc.o)
                              external/Arduino/core/lib/libArduinoUnoCore.a(new.cpp.o) (malloc)
/usr/local/CrossPack-AVR-20131216/lib/gcc/avr/4.8.1/../../../../avr/lib/avr5/libc.a(memcpy.o)
                              bip.o (memcpy)
/usr/local/CrossPack-AVR-20131216/lib/gcc/avr/4.8.1/../../../../avr/lib/avr5/libc.a(fprintf.o)
                              bip-init.o (fprintf)
/usr/local/CrossPack-AVR-20131216/lib/gcc/avr/4.8.1/../../../../avr/lib/avr5/libc.a(iob.o)
                              main.o (__iob)
/usr/local/CrossPack-AVR-20131216/lib/gcc/avr/4.8.1/../../../../avr/lib/avr5/libc.a(vfprintf_std.o)
                              /usr/local/CrossPack-AVR-20131216/lib/gcc/avr/4.8.1/../../../../avr/lib/avr5/libc.a(fprintf.o) (vfprintf)
/usr/local/CrossPack-AVR-20131216/lib/gcc/avr/4.8.1/../../../../avr/lib/avr5/libc.a(strnlen_P.o)
                              /usr/local/CrossPack-AVR-20131216/lib/gcc/avr/4.8.1/../../../../avr/lib/avr5/libc.a(vfprintf_std.o) (strnlen_P)
/usr/local/CrossPack-AVR-20131216/lib/gcc/avr/4.8.1/../../../../avr/lib/avr5/libc.a(strnlen.o)
                              /usr/local/CrossPack-AVR-20131216/lib/gcc/avr/4.8.1/../../../../avr/lib/avr5/libc.a(vfprintf_std.o) (strnlen)
/usr/local/CrossPack-AVR-20131216/lib/gcc/avr/4.8.1/../../../../avr/lib/avr5/libc.a(fputc.o)
                              /usr/local/CrossPack-AVR-20131216/lib/gcc/avr/4.8.1/../../../../avr/lib/avr5/libc.a(vfprintf_std.o) (fputc)
/usr/local/CrossPack-AVR-20131216/lib/gcc/avr/4.8.1/../../../../avr/lib/avr5/libc.a(ultoa_invert.o)
                              /usr/local/CrossPack-AVR-20131216/lib/gcc/avr/4.8.1/../../../../avr/lib/avr5/libc.a(vfprintf_std.o) (__ultoa_invert)
[...]
Memory Configuration

Name             Origin             Length             Attributes
text             0x00000000         0x00020000         xr
data             0x00800060         0x0000ffa0         rw !x
eeprom           0x00810000         0x00010000         rw !x
fuse             0x00820000         0x00000400         rw !x
lock             0x00830000         0x00000400         rw !x
signature        0x00840000         0x00000400         rw !x
user_signatures  0x00850000         0x00000400         rw !x
*default*        0x00000000         0xffffffff

Linker script and memory map

Address of section .data set to 0x800100
LOAD /usr/local/CrossPack-AVR-20131216/lib/gcc/avr/4.8.1/../../../../avr/lib/avr5/crtm328p.o
LOAD main.o
LOAD uart.o
LOAD apdu.o
LOAD h_rp.o
LOAD device.o
LOAD av.o
LOAD bv.o
LOAD h_whois.o
LOAD h_wp.o
LOAD bip.o
LOAD bip-init.o
LOAD bvlc-arduino.o
LOAD ../../demo/handler/txbuf.o
LOAD ../../demo/handler/h_npdu.o
LOAD ../../demo/handler/s_iam.o
LOAD ../../demo/handler/noserv.o
LOAD ./libbacnet.a
LOAD external/Arduino/Ethernet/lib/libArduinoEthernet.a
LOAD external/Arduino/core/lib/libArduinoUnoCore.a
LOAD /usr/local/CrossPack-AVR-20131216/lib/gcc/avr/4.8.1/../../../../avr/lib/avr5/libm.a
START GROUP
LOAD /usr/local/CrossPack-AVR-20131216/lib/gcc/avr/4.8.1/avr5/libgcc.a
LOAD /usr/local/CrossPack-AVR-20131216/lib/gcc/avr/4.8.1/../../../../avr/lib/avr5/libm.a
LOAD /usr/local/CrossPack-AVR-20131216/lib/gcc/avr/4.8.1/../../../../avr/lib/avr5/libc.a
END GROUP

.hash
 *(.hash)

.dynsym
 *(.dynsym)

.dynstr
 *(.dynstr)

.gnu.version
 *(.gnu.version)

.gnu.version_d
 *(.gnu.version_d)

.gnu.version_r
 *(.gnu.version_r)

.rel.init
 *(.rel.init)

.rela.init
 *(.rela.init)

.rel.text
 *(.rel.text)
 *(.rel.text.*)
 *(.rel.gnu.linkonce.t*)

.rela.text
 *(.rela.text)
 *(.rela.text.*)
 *(.rela.gnu.linkonce.t*)

.rel.fini
 *(.rel.fini)

.rela.fini
 *(.rela.fini)

.rel.rodata
 *(.rel.rodata)
 *(.rel.rodata.*)
 *(.rel.gnu.linkonce.r*)

.rela.rodata
 *(.rela.rodata)
 *(.rela.rodata.*)
 *(.rela.gnu.linkonce.r*)

.rel.data
 *(.rel.data)
 *(.rel.data.*)
 *(.rel.gnu.linkonce.d*)

.rela.data
 *(.rela.data)
 *(.rela.data.*)
 *(.rela.gnu.linkonce.d*)

.rel.ctors
 *(.rel.ctors)

.rela.ctors
 *(.rela.ctors)

.rel.dtors
 *(.rel.dtors)

.rela.dtors
 *(.rela.dtors)

.rel.got
 *(.rel.got)

.rela.got
 *(.rela.got)

.rel.bss
 *(.rel.bss)

.rela.bss
 *(.rela.bss)

.rel.plt
 *(.rel.plt)

.rela.plt
 *(.rela.plt)

.text           0x00000000     0x4c3c
 *(.vectors)
 .vectors       0x00000000       0x68 /usr/local/CrossPack-AVR-20131216/lib/gcc/avr/4.8.1/../../../../avr/lib/avr5/crtm328p.o
                0x00000000                __vectors
                0x00000000                __vector_default
 *(.vectors)
 *(.progmem.gcc*)
 .progmem.gcc_sw_table.bvlc_for_non_bbmd
                0x00000068       0x14 bvlc-arduino.o
                0x0000007c                . = ALIGN (0x2)
                0x0000007c                __trampolines_start = .
 *(.trampolines)
 .trampolines   0x0000007c        0x0 linker stubs
 *(.trampolines*)
                0x0000007c                __trampolines_end = .
 *(.progmem*)
 .progmem.data  0x0000007c       0x5a external/Arduino/core/lib/libArduinoUnoCore.a(wiring_digital.c.o)
                0x0000007c                port_to_mode_PGM
                0x00000086                port_to_output_PGM
                0x00000090                port_to_input_PGM
                0x0000009a                digital_pin_to_port_PGM
                0x000000ae                digital_pin_to_bit_mask_PGM
                0x000000c2                digital_pin_to_timer_PGM
                0x000000d6                . = ALIGN (0x2)
 *(.jumptables)
 *(.jumptables*)
 *(.lowtext)
 *(.lowtext*)
                0x000000d6                __ctors_start = .
 *(.ctors)
                0x000000d6                __ctors_end = .
                0x000000d6                __dtors_start = .
 *(.dtors)
                0x000000d6                __dtors_end = .
 SORT(*)(.ctors)
 SORT(*)(.dtors)
 *(.init0)
 .init0         0x000000d6        0x0 /usr/local/CrossPack-AVR-20131216/lib/gcc/avr/4.8.1/../../../../avr/lib/avr5/crtm328p.o
                0x000000d6                __init
 *(.init0)
 *(.init1)
 *(.init1)
 *(.init2)
 .init2         0x000000d6        0xc /usr/local/CrossPack-AVR-20131216/lib/gcc/avr/4.8.1/../../../../avr/lib/avr5/crtm328p.o
 *(.init2)
 *(.init3)
 *(.init3)
 *(.init4)
 .init4         0x000000e2       0x16 /usr/local/CrossPack-AVR-20131216/lib/gcc/avr/4.8.1/avr5/libgcc.a(_copy_data.o)
                0x000000e2                __do_copy_data
 .init4         0x000000f8       0x10 /usr/local/CrossPack-AVR-20131216/lib/gcc/avr/4.8.1/avr5/libgcc.a(_clear_bss.o)
                0x000000f8                __do_clear_bss
 *(.init4)
 *(.init5)
 *(.init5)
 *(.init6)
 *(.init6)
 *(.init7)
 *(.init7)
 *(.init8)
 *(.init8)
 *(.init9)
 .init9         0x00000108        0x8 /usr/local/CrossPack-AVR-20131216/lib/gcc/avr/4.8.1/../../../../avr/lib/avr5/crtm328p.o
 *(.init9)
 *(.text)
 .text          0x00000110        0x4 /usr/local/CrossPack-AVR-20131216/lib/gcc/avr/4.8.1/../../../../avr/lib/avr5/crtm328p.o
                0x00000110                __vector_20
                0x00000110                __vector_1
                0x00000110                __vector_24
                0x00000110                __vector_12
                0x00000110                __bad_interrupt
                0x00000110                __vector_6
                0x00000110                __vector_3
                0x00000110                __vector_23
                0x00000110                __vector_25
                0x00000110                __vector_11
                0x00000110                __vector_13
                0x00000110                __vector_17
                0x00000110                __vector_19
                0x00000110                __vector_7
                0x00000110                __vector_5
                0x00000110                __vector_4
                0x00000110                __vector_9
                0x00000110                __vector_2
                0x00000110                __vector_21
                0x00000110                __vector_15
                0x00000110                __vector_8
                0x00000110                __vector_14
                0x00000110                __vector_10
                0x00000110                __vector_18
                0x00000110                __vector_22
                0x00000114                . = ALIGN (0x2)
 *(.text.*)
 .text.setup    0x00000114       0x5e main.o
                0x00000114                setup
 .text.startup.main
                0x00000172       0x4c main.o
                0x00000172                main
 .text.uart_init
                0x000001be       0x22 uart.o
                0x000001be                uart_init
 .text.uart_putchar
                0x000001e0       0x1e uart.o
                0x000001e0                uart_putchar
 .text.uart_getchar
                0x000001fe        0xe uart.o
                0x000001fe                uart_getchar
 .text.apdu_service_supported
                0x0000020c       0x18 apdu.o
                0x0000020c                apdu_service_supported
 .text.apdu_decode_confirmed_service_request
                0x00000224       0xb0 apdu.o
                0x00000224                apdu_decode_confirmed_service_request
 .text.apdu_handler
                0x000002d4       0xde apdu.o
                0x000002d4                apdu_handler
 .text.Encode_Property_APDU
                0x000003b2      0x104 h_rp.o
                0x000003b2                Encode_Property_APDU
 .text.handler_read_property
                0x000004b6      0x164 h_rp.o
                0x000004b6                handler_read_property
 .text.Device_Object_Instance_Number
                0x0000061a       0x12 device.o
                0x0000061a                Device_Object_Instance_Number
 .text.Device_Valid_Object_Instance_Number
                0x0000062c       0x3a device.o
                0x0000062c                Device_Valid_Object_Instance_Number
 .text.Device_Vendor_Identifier
                0x00000666        0x6 device.o
                0x00000666                Device_Vendor_Identifier
 .text.Device_Object_List_Count
                0x0000066c       0x1a device.o
                0x0000066c                Device_Object_List_Count
 .text.Device_Object_List_Identifier
                0x00000686       0xbe device.o
                0x00000686                Device_Object_List_Identifier
 .text.Device_Encode_Property_APDU
                0x00000744      0x3d6 device.o
                0x00000744                Device_Encode_Property_APDU
 .text.Device_Write_Property
                0x00000b1a      0x17c device.o
                0x00000b1a                Device_Write_Property
 .text.Analog_Value_Valid_Instance
                0x00000c96       0x12 av.o
                0x00000c96                Analog_Value_Valid_Instance
 .text.Analog_Value_Count
                0x00000ca8        0x6 av.o
                0x00000ca8                Analog_Value_Count
 .text.Analog_Value_Index_To_Instance
                0x00000cae        0x8 av.o
                0x00000cae                Analog_Value_Index_To_Instance
 .text.Analog_Value_Encode_Property_APDU
                0x00000cb6      0x1c2 av.o
                0x00000cb6                Analog_Value_Encode_Property_APDU
 .text.Analog_Value_Write_Property
                0x00000e78      0x116 av.o
                0x00000e78                Analog_Value_Write_Property
 .text.Binary_Value_Valid_Instance
                0x00000f8e       0x12 bv.o
                0x00000f8e                Binary_Value_Valid_Instance
 .text.Binary_Value_Count
                0x00000fa0        0x6 bv.o
                0x00000fa0                Binary_Value_Count
 .text.Binary_Value_Index_To_Instance
                0x00000fa6        0x8 bv.o
                0x00000fa6                Binary_Value_Index_To_Instance
 .text.Binary_Value_Name
                0x00000fae       0x1c bv.o
                0x00000fae                Binary_Value_Name
 .text.Binary_Value_Encode_Property_APDU
                0x00000fca      0x1ba bv.o
                0x00000fca                Binary_Value_Encode_Property_APDU
 .text.Binary_Value_Write_Property
                0x00001184      0x130 bv.o
                0x00001184                Binary_Value_Write_Property
 .text.sendIamUnicast
                0x000012b4       0xbe h_whois.o
                0x000012b4                sendIamUnicast
 .text.handler_who_is
                0x00001372       0x9c h_whois.o
                0x00001372                handler_who_is
 .text.handler_write_property
                0x0000140e      0x15c h_wp.o
                0x0000140e                handler_write_property
 .text.convertBIP_Address2uint32
                0x0000156a       0x3e bip.o
                0x0000156a                convertBIP_Address2uint32
 .text.bip_set_socket
                0x000015a8        0x6 bip.o
                0x000015a8                bip_set_socket
 .text.bip_socket
                0x000015ae        0x6 bip.o
                0x000015ae                bip_socket
 .text.bip_valid
                0x000015b4        0xe bip.o
                0x000015b4                bip_valid
 .text.bip_set_addr
                0x000015c2       0x16 bip.o
                0x000015c2                bip_set_addr
 .text.bip_set_broadcast_addr
                0x000015d8       0x16 bip.o
                0x000015d8                bip_set_broadcast_addr
 .text.bip_send_pdu
                0x000015ee      0x146 bip.o
                0x000015ee                bip_send_pdu
 .text.bip_receive
                0x00001734      0x218 bip.o
                0x00001734                bip_receive
 .text.bip_get_my_address
                0x0000194c       0x4c bip.o
                0x0000194c                bip_get_my_address
 .text.bip_set_interface
                0x00001998      0x13e bip-init.o
                0x00001998                bip_set_interface
 .text.bip_init
                0x00001ad6       0x5c bip-init.o
                0x00001ad6                bip_init
 .text.bvlc_for_non_bbmd
                0x00001b32      0x1b8 bvlc-arduino.o
                0x00001b32                bvlc_for_non_bbmd
 .text.bvlc_get_function_code
                0x00001cea        0xa bvlc-arduino.o
                0x00001cea                bvlc_get_function_code
 .text.npdu_handler
                0x00001cf4       0xb6 ../../demo/handler/h_npdu.o
                0x00001cf4                npdu_handler
 .text.handler_unrecognized_service
                0x00001daa       0x94 ../../demo/handler/noserv.o
                0x00001daa                handler_unrecognized_service
 .text.npdu_encode_pdu
                0x00001e3e      0x1e8 ./libbacnet.a(npdu.o)
                0x00001e3e                npdu_encode_pdu
 .text.npdu_encode_npdu_data
                0x00002026       0x24 ./libbacnet.a(npdu.o)
                0x00002026                npdu_encode_npdu_data
 .text.npdu_decode
                0x0000204a      0x266 ./libbacnet.a(npdu.o)
                0x0000204a                npdu_decode
 .text.byte_reverse_bits
                0x000022b0       0x2a ./libbacnet.a(bacdcode.o)
 .text.decode_max_segs
                0x000022da       0x52 ./libbacnet.a(bacdcode.o)
                0x000022da                decode_max_segs
 .text.decode_max_apdu
                0x0000232c       0x1e ./libbacnet.a(bacdcode.o)
                0x0000232c                decode_max_apdu
 .text.encode_tag
                0x0000234a       0xa6 ./libbacnet.a(bacdcode.o)
                0x0000234a                encode_tag
 .text.encode_opening_tag
                0x000023f0       0x2e ./libbacnet.a(bacdcode.o)
                0x000023f0                encode_opening_tag
 .text.encode_closing_tag
                0x0000241e       0x2e ./libbacnet.a(bacdcode.o)
                0x0000241e                encode_closing_tag
 .text.decode_tag_number
                0x0000244c       0x36 ./libbacnet.a(bacdcode.o)
                0x0000244c                decode_tag_number
 .text.decode_tag_number_and_value
                0x00002482      0x102 ./libbacnet.a(bacdcode.o)
                0x00002482                decode_tag_number_and_value
 .text.decode_is_context_tag
                0x00002584       0x40 ./libbacnet.a(bacdcode.o)
                0x00002584                decode_is_context_tag
 .text.decode_is_opening_tag_number
                0x000025c4       0x42 ./libbacnet.a(bacdcode.o)
                0x000025c4                decode_is_opening_tag_number
 .text.decode_is_closing_tag_number
                0x00002606       0x42 ./libbacnet.a(bacdcode.o)
                0x00002606                decode_is_closing_tag_number
 .text.encode_application_boolean
                0x00002648       0x1a ./libbacnet.a(bacdcode.o)
                0x00002648                encode_application_boolean
 .text.encode_bitstring
                0x00002662       0x7c ./libbacnet.a(bacdcode.o)
                0x00002662                encode_bitstring
 .text.encode_application_bitstring
                0x000026de       0x50 ./libbacnet.a(bacdcode.o)
                0x000026de                encode_application_bitstring
 .text.decode_object_id
                0x0000272e       0x78 ./libbacnet.a(bacdcode.o)
                0x0000272e                decode_object_id
 .text.decode_object_id_safe
                0x000027a6       0x24 ./libbacnet.a(bacdcode.o)
                0x000027a6                decode_object_id_safe
 .text.encode_bacnet_object_id
                0x000027ca       0x34 ./libbacnet.a(bacdcode.o)
                0x000027ca                encode_bacnet_object_id
 .text.encode_context_object_id
                0x000027fe       0x56 ./libbacnet.a(bacdcode.o)
                0x000027fe                encode_context_object_id
 .text.encode_application_object_id
                0x00002854       0x3c ./libbacnet.a(bacdcode.o)
                0x00002854                encode_application_object_id
 .text.encode_bacnet_character_string_safe
                0x00002890       0x72 ./libbacnet.a(bacdcode.o)
                0x00002890                encode_bacnet_character_string_safe
 .text.encode_bacnet_character_string
                0x00002902       0x52 ./libbacnet.a(bacdcode.o)
                0x00002902                encode_bacnet_character_string
 .text.encode_application_character_string
                0x00002954       0x68 ./libbacnet.a(bacdcode.o)
                0x00002954                encode_application_character_string
 .text.decode_character_string
                0x000029bc       0x38 ./libbacnet.a(bacdcode.o)
                0x000029bc                decode_character_string
 .text.decode_unsigned
                0x000029f4       0xa8 ./libbacnet.a(bacdcode.o)
                0x000029f4                decode_unsigned
 .text.encode_bacnet_unsigned
                0x00002a9c       0x3c ./libbacnet.a(bacdcode.o)
                0x00002a9c                encode_bacnet_unsigned
 .text.encode_context_unsigned
                0x00002ad8       0x86 ./libbacnet.a(bacdcode.o)
                0x00002ad8                encode_context_unsigned
 .text.encode_application_unsigned
                0x00002b5e       0x3c ./libbacnet.a(bacdcode.o)
                0x00002b5e                encode_application_unsigned
 .text.decode_enumerated
                0x00002b9a       0x4e ./libbacnet.a(bacdcode.o)
                0x00002b9a                decode_enumerated
 .text.encode_application_enumerated
                0x00002be8       0x3c ./libbacnet.a(bacdcode.o)
                0x00002be8                encode_application_enumerated
 .text.encode_context_enumerated
                0x00002c24       0x86 ./libbacnet.a(bacdcode.o)
                0x00002c24                encode_context_enumerated
 .text.encode_application_real
                0x00002caa       0x44 ./libbacnet.a(bacdcode.o)
                0x00002caa                encode_application_real
 .text.encode_simple_ack
                0x00002cee       0x10 ./libbacnet.a(bacdcode.o)
                0x00002cee                encode_simple_ack
 .text.encode_unsigned16
                0x00002cfe        0xc ./libbacnet.a(bacint.o)
                0x00002cfe                encode_unsigned16
 .text.decode_unsigned16
                0x00002d0a       0x28 ./libbacnet.a(bacint.o)
                0x00002d0a                decode_unsigned16
 .text.encode_unsigned24
                0x00002d32        0xe ./libbacnet.a(bacint.o)
                0x00002d32                encode_unsigned24
 .text.decode_unsigned24
                0x00002d40       0x42 ./libbacnet.a(bacint.o)
                0x00002d40                decode_unsigned24
 .text.encode_unsigned32
                0x00002d82       0x10 ./libbacnet.a(bacint.o)
                0x00002d82                encode_unsigned32
 .text.decode_unsigned32
                0x00002d92       0x52 ./libbacnet.a(bacint.o)
                0x00002d92                decode_unsigned32
 .text.decode_real
                0x00002de4       0x22 ./libbacnet.a(bacreal.o)
                0x00002de4                decode_real
 .text.decode_real_safe
                0x00002e06       0x1e ./libbacnet.a(bacreal.o)
                0x00002e06                decode_real_safe
 .text.encode_bacnet_real
                0x00002e24       0x10 ./libbacnet.a(bacreal.o)
                0x00002e24                encode_bacnet_real
 .text.bitstring_init
                0x00002e34       0x1c ./libbacnet.a(bacstr.o)
                0x00002e34                bitstring_init
 .text.bitstring_set_bit
                0x00002e50       0x52 ./libbacnet.a(bacstr.o)
                0x00002e50                bitstring_set_bit
 .text.bitstring_bits_used
                0x00002ea2        0x6 ./libbacnet.a(bacstr.o)
                0x00002ea2                bitstring_bits_used
 .text.bitstring_bytes_used
                0x00002ea8       0x18 ./libbacnet.a(bacstr.o)
                0x00002ea8                bitstring_bytes_used
 .text.bitstring_octet
                0x00002ec0       0x16 ./libbacnet.a(bacstr.o)
                0x00002ec0                bitstring_octet
 .text.characterstring_init
                0x00002ed6       0x70 ./libbacnet.a(bacstr.o)
                0x00002ed6                characterstring_init
 .text.characterstring_init_ansi
                0x00002f46       0x26 ./libbacnet.a(bacstr.o)
                0x00002f46                characterstring_init_ansi
 .text.characterstring_ansi_copy
                0x00002f6c       0x56 ./libbacnet.a(bacstr.o)
                0x00002f6c                characterstring_ansi_copy
 .text.characterstring_value
                0x00002fc2        0xe ./libbacnet.a(bacstr.o)
                0x00002fc2                characterstring_value
 .text.characterstring_length
                0x00002fd0       0x12 ./libbacnet.a(bacstr.o)
                0x00002fd0                characterstring_length
 .text.characterstring_encoding
                0x00002fe2        0xe ./libbacnet.a(bacstr.o)
                0x00002fe2                characterstring_encoding
 .text.iam_encode_apdu
                0x00002ff0       0x92 ./libbacnet.a(iam.o)
                0x00002ff0                iam_encode_apdu
 .text.rp_decode_service_request
                0x00003082      0x196 ./libbacnet.a(rp.o)
                0x00003082                rp_decode_service_request
 .text.rp_ack_encode_apdu_init
                0x00003218       0xa0 ./libbacnet.a(rp.o)
                0x00003218                rp_ack_encode_apdu_init
 .text.rp_ack_encode_apdu_object_property_end
                0x000032b8       0x10 ./libbacnet.a(rp.o)
                0x000032b8                rp_ack_encode_apdu_object_property_end
 .text.wp_decode_service_request
                0x000032c8      0x246 ./libbacnet.a(wp.o)
                0x000032c8                wp_decode_service_request
 .text.whois_decode_service_request
                0x0000350e      0x172 ./libbacnet.a(whois.o)
                0x0000350e                whois_decode_service_request
 .text.abort_encode_apdu
                0x00003680       0x22 ./libbacnet.a(abort.o)
                0x00003680                abort_encode_apdu
 .text.reject_encode_apdu
                0x000036a2       0x1a ./libbacnet.a(reject.o)
                0x000036a2                reject_encode_apdu
 .text.bacerror_encode_apdu
                0x000036bc       0x54 ./libbacnet.a(bacerror.o)
                0x000036bc                bacerror_encode_apdu
 .text.bacapp_decode_data
                0x00003710       0xf2 ./libbacnet.a(bacapp.o)
                0x00003710                bacapp_decode_data
 .text.bacapp_decode_application_data
                0x00003802       0xbc ./libbacnet.a(bacapp.o)
                0x00003802                bacapp_decode_application_data
 .text.bacapp_decode_data_len
                0x000038be       0x14 ./libbacnet.a(bacapp.o)
                0x000038be                bacapp_decode_data_len
 .text.bacapp_decode_application_data_len
                0x000038d2       0x7c ./libbacnet.a(bacapp.o)
                0x000038d2                bacapp_decode_application_data_len
 .text.bacapp_context_tag_type
                0x0000394e       0xda ./libbacnet.a(bacapp.o)
                0x0000394e                bacapp_context_tag_type
 .text.bacapp_decode_context_data_len
                0x00003a28       0xa4 ./libbacnet.a(bacapp.o)
                0x00003a28                bacapp_decode_context_data_len
 .text.bacapp_data_len
                0x00003acc      0x11e ./libbacnet.a(bacapp.o)
                0x00003acc                bacapp_data_len
 .text.SnMR_UDP
                0x00003bea        0x4 external/Arduino/Ethernet/lib/libArduinoEthernet.a(w5100Wrapper.o)
                0x00003bea                SnMR_UDP
 .text.SnSR_CLOSED
                0x00003bee        0x4 external/Arduino/Ethernet/lib/libArduinoEthernet.a(w5100Wrapper.o)
                0x00003bee                SnSR_CLOSED
 .text.CW5100Class_new
                0x00003bf2        0x6 external/Arduino/Ethernet/lib/libArduinoEthernet.a(w5100Wrapper.o)
                0x00003bf2                CW5100Class_new
 .text.init_func
                0x00003bf8        0x6 external/Arduino/Ethernet/lib/libArduinoEthernet.a(w5100Wrapper.o)
                0x00003bf8                init_func
 .text.setGatewayIp_func
                0x00003bfe        0xe external/Arduino/Ethernet/lib/libArduinoEthernet.a(w5100Wrapper.o)
                0x00003bfe                setGatewayIp_func
 .text.setSubnetMask_func
                0x00003c0c        0xe external/Arduino/Ethernet/lib/libArduinoEthernet.a(w5100Wrapper.o)
                0x00003c0c                setSubnetMask_func
 .text.getSubnetMask_func
                0x00003c1a        0xe external/Arduino/Ethernet/lib/libArduinoEthernet.a(w5100Wrapper.o)
                0x00003c1a                getSubnetMask_func
 .text.setMACAddress_func
                0x00003c28        0xe external/Arduino/Ethernet/lib/libArduinoEthernet.a(w5100Wrapper.o)
                0x00003c28                setMACAddress_func
 .text.setIPAddress_func
                0x00003c36        0xe external/Arduino/Ethernet/lib/libArduinoEthernet.a(w5100Wrapper.o)
                0x00003c36                setIPAddress_func
 .text.getIPAddress_func
                0x00003c44        0xe external/Arduino/Ethernet/lib/libArduinoEthernet.a(w5100Wrapper.o)
                0x00003c44                getIPAddress_func
 .text.getRXReceivedSize_func
                0x00003c52        0x6 external/Arduino/Ethernet/lib/libArduinoEthernet.a(w5100Wrapper.o)
                0x00003c52                getRXReceivedSize_func
 .text.readSnSR_func
                0x00003c58        0xe external/Arduino/Ethernet/lib/libArduinoEthernet.a(w5100Wrapper.o)
                0x00003c58                readSnSR_func
 .text.socket_func
                0x00003c66        0x6 external/Arduino/Ethernet/lib/libArduinoEthernet.a(socketWrapper.o)
                0x00003c66                socket_func
 .text.listen_func
                0x00003c6c        0x6 external/Arduino/Ethernet/lib/libArduinoEthernet.a(socketWrapper.o)
                0x00003c6c                listen_func
 .text.sendto_func
                0x00003c72        0xe external/Arduino/Ethernet/lib/libArduinoEthernet.a(socketWrapper.o)
                0x00003c72                sendto_func
 .text.recvfrom_func
                0x00003c80        0xe external/Arduino/Ethernet/lib/libArduinoEthernet.a(socketWrapper.o)
                0x00003c80                recvfrom_func
 .text._ZN10W5100Class11writeSnDIPREhPh
                0x00003c8e       0x14 external/Arduino/Ethernet/lib/libArduinoEthernet.a(socket.o)
                0x00003c8e                _ZN10W5100Class11writeSnDIPREhPh
 .text._ZN10W5100Class6readSnEhj
                0x00003ca2       0x16 external/Arduino/Ethernet/lib/libArduinoEthernet.a(socket.o)
                0x00003ca2                _ZN10W5100Class6readSnEhj
 .text._ZN10W5100Class8readSnIREh
                0x00003cb8        0xa external/Arduino/Ethernet/lib/libArduinoEthernet.a(socket.o)
                0x00003cb8                _ZN10W5100Class8readSnIREh
 .text._ZN10W5100Class7writeSnEhjh
                0x00003cc2       0x1a external/Arduino/Ethernet/lib/libArduinoEthernet.a(socket.o)
                0x00003cc2                _ZN10W5100Class7writeSnEhjh
 .text._ZN10W5100Class9writeSnIREhh
                0x00003cdc        0xc external/Arduino/Ethernet/lib/libArduinoEthernet.a(socket.o)
                0x00003cdc                _ZN10W5100Class9writeSnIREhh
 .text._ZN10W5100Class12writeSnDPORTEhj
                0x00003ce8       0x24 external/Arduino/Ethernet/lib/libArduinoEthernet.a(socket.o)
                0x00003ce8                _ZN10W5100Class12writeSnDPORTEhj
 .text._ZN10W5100Class12writeSnRX_RDEhj
                0x00003d0c       0x24 external/Arduino/Ethernet/lib/libArduinoEthernet.a(socket.o)
                0x00003d0c                _ZN10W5100Class12writeSnRX_RDEhj
 .text._ZN10W5100Class11writeSnPORTEhj
                0x00003d30       0x24 external/Arduino/Ethernet/lib/libArduinoEthernet.a(socket.o)
                0x00003d30                _ZN10W5100Class11writeSnPORTEhj
 .text._Z5closeh
                0x00003d54       0x1e external/Arduino/Ethernet/lib/libArduinoEthernet.a(socket.o)
                0x00003d54                _Z5closeh
 .text._Z6sockethhjh
                0x00003d72       0x80 external/Arduino/Ethernet/lib/libArduinoEthernet.a(socket.o)
                0x00003d72                _Z6sockethhjh
 .text._Z6listenh
                0x00003df2       0x28 external/Arduino/Ethernet/lib/libArduinoEthernet.a(socket.o)
                0x00003df2                _Z6listenh
 .text._Z6sendtohPKhjPhj
                0x00003e1a       0xa8 external/Arduino/Ethernet/lib/libArduinoEthernet.a(socket.o)
                0x00003e1a                _Z6sendtohPKhjPhj
 .text._Z8recvfromhPhjS_Pj
                0x00003ec2      0x13e external/Arduino/Ethernet/lib/libArduinoEthernet.a(socket.o)
                0x00003ec2                _Z8recvfromhPhjS_Pj
 .text._ZN8SPIClass8transferEh
                0x00004000        0xc external/Arduino/Ethernet/lib/libArduinoEthernet.a(w5100.o)
                0x00004000                _ZN8SPIClass8transferEh
 .text._ZN10W5100Class5setSSEv
                0x0000400c        0x4 external/Arduino/Ethernet/lib/libArduinoEthernet.a(w5100.o)
                0x0000400c                _ZN10W5100Class5setSSEv
 .text._ZN10W5100Class7resetSSEv
                0x00004010        0x4 external/Arduino/Ethernet/lib/libArduinoEthernet.a(w5100.o)
                0x00004010                _ZN10W5100Class7resetSSEv
 .text._ZN10W5100Class5writeEjh
                0x00004014       0x40 external/Arduino/Ethernet/lib/libArduinoEthernet.a(w5100.o)
                0x00004014                _ZN10W5100Class5writeEjh
 .text._ZN10W5100Class4initEv
                0x00004054       0x7c external/Arduino/Ethernet/lib/libArduinoEthernet.a(w5100.o)
                0x00004054                _ZN10W5100Class4initEv
 .text._ZN10W5100Class5writeEjPKhj
                0x000040d0       0x52 external/Arduino/Ethernet/lib/libArduinoEthernet.a(w5100.o)
                0x000040d0                _ZN10W5100Class5writeEjPKhj
 .text._ZN10W5100Class4readEj
                0x00004122       0x3e external/Arduino/Ethernet/lib/libArduinoEthernet.a(w5100.o)
                0x00004122                _ZN10W5100Class4readEj
 .text._ZN10W5100Class27send_data_processing_offsetEhjPKhj
                0x00004160       0xde external/Arduino/Ethernet/lib/libArduinoEthernet.a(w5100.o)
                0x00004160                _ZN10W5100Class27send_data_processing_offsetEhjPKhj
 .text._ZN10W5100Class20send_data_processingEhPKhj
                0x0000423e       0x16 external/Arduino/Ethernet/lib/libArduinoEthernet.a(w5100.o)
                0x0000423e                _ZN10W5100Class20send_data_processingEhPKhj
 .text._ZN10W5100Class12readSnRX_RSREh
                0x00004254       0x28 external/Arduino/Ethernet/lib/libArduinoEthernet.a(w5100.o)
                0x00004254                _ZN10W5100Class12readSnRX_RSREh
 .text._ZN10W5100Class17getRXReceivedSizeEh
                0x0000427c       0x36 external/Arduino/Ethernet/lib/libArduinoEthernet.a(w5100.o)
                0x0000427c                _ZN10W5100Class17getRXReceivedSizeEh
 .text._ZN10W5100Class4readEjPhj
                0x000042b2       0x54 external/Arduino/Ethernet/lib/libArduinoEthernet.a(w5100.o)
                0x000042b2                _ZN10W5100Class4readEjPhj
 .text._ZN10W5100Class9read_dataEhPVhS1_j
                0x00004306       0x66 external/Arduino/Ethernet/lib/libArduinoEthernet.a(w5100.o)
                0x00004306                _ZN10W5100Class9read_dataEhPVhS1_j
 .text._ZN10W5100Class9execCmdSnEh7SockCMD
                0x0000436c       0x20 external/Arduino/Ethernet/lib/libArduinoEthernet.a(w5100.o)
                0x0000436c                _ZN10W5100Class9execCmdSnEh7SockCMD
 .text._ZN8SPIClass5beginEv
                0x0000438c       0x2e external/Arduino/Ethernet/lib/libArduinoEthernet.a(SPI.o)
                0x0000438c                _ZN8SPIClass5beginEv
 .text.pinMode  0x000043ba       0x7e external/Arduino/core/lib/libArduinoUnoCore.a(wiring_digital.c.o)
                0x000043ba                pinMode
 .text.digitalWrite
                0x00004438       0xa8 external/Arduino/core/lib/libArduinoUnoCore.a(wiring_digital.c.o)
                0x00004438                digitalWrite
 .text.__vector_16
                0x000044e0       0x90 external/Arduino/core/lib/libArduinoUnoCore.a(wiring.c.o)
                0x000044e0                __vector_16
 .text.delay    0x00004570       0xb2 external/Arduino/core/lib/libArduinoUnoCore.a(wiring.c.o)
                0x00004570                delay
 .text.init     0x00004622       0x76 external/Arduino/core/lib/libArduinoUnoCore.a(wiring.c.o)
                0x00004622                init
 .text.libgcc   0x00004698        0xc /usr/local/CrossPack-AVR-20131216/lib/gcc/avr/4.8.1/avr5/libgcc.a(_tablejump.o)
                0x00004698                __tablejump2__
                0x0000469c                __tablejump__
 .text.libgcc.prologue
                0x000046a4       0x38 /usr/local/CrossPack-AVR-20131216/lib/gcc/avr/4.8.1/avr5/libgcc.a(_prologue.o)
                0x000046a4                __prologue_saves__
 .text.libgcc.prologue
                0x000046dc       0x36 /usr/local/CrossPack-AVR-20131216/lib/gcc/avr/4.8.1/avr5/libgcc.a(_epilogue.o)
                0x000046dc                __epilogue_restores__
 .text.avr-libc
                0x00004712       0x12 /usr/local/CrossPack-AVR-20131216/lib/gcc/avr/4.8.1/../../../../avr/lib/avr5/libc.a(memcpy.o)
                0x00004712                memcpy
 .text.avr-libc
                0x00004724       0x24 /usr/local/CrossPack-AVR-20131216/lib/gcc/avr/4.8.1/../../../../avr/lib/avr5/libc.a(fprintf.o)
                0x00004724                fprintf
 .text.avr-libc
                0x00004748      0x3a4 /usr/local/CrossPack-AVR-20131216/lib/gcc/avr/4.8.1/../../../../avr/lib/avr5/libc.a(vfprintf_std.o)
                0x00004748                vfprintf
 .text.avr-libc
                0x00004aec       0x16 /usr/local/CrossPack-AVR-20131216/lib/gcc/avr/4.8.1/../../../../avr/lib/avr5/libc.a(strnlen_P.o)
                0x00004aec                strnlen_P
 .text.avr-libc
                0x00004b02       0x16 /usr/local/CrossPack-AVR-20131216/lib/gcc/avr/4.8.1/../../../../avr/lib/avr5/libc.a(strnlen.o)
                0x00004b02                strnlen
 .text.avr-libc
                0x00004b18       0x64 /usr/local/CrossPack-AVR-20131216/lib/gcc/avr/4.8.1/../../../../avr/lib/avr5/libc.a(fputc.o)
                0x00004b18                fputc
 .text.avr-libc
                0x00004b7c       0xbc /usr/local/CrossPack-AVR-20131216/lib/gcc/avr/4.8.1/../../../../avr/lib/avr5/libc.a(ultoa_invert.o)
                0x00004b7c                __ultoa_invert
                0x00004c38                . = ALIGN (0x2)
 *(.fini9)
 .fini9         0x00004c38        0x0 /usr/local/CrossPack-AVR-20131216/lib/gcc/avr/4.8.1/avr5/libgcc.a(_exit.o)
                0x00004c38                exit
                0x00004c38                _exit
 *(.fini9)
 *(.fini8)
 *(.fini8)
 *(.fini7)
 *(.fini7)
 *(.fini6)
 *(.fini6)
 *(.fini5)
 *(.fini5)
 *(.fini4)
 *(.fini4)
 *(.fini3)
 *(.fini3)
 *(.fini2)
 *(.fini2)
 *(.fini1)
 *(.fini1)
 *(.fini0)
 .fini0         0x00004c38        0x4 /usr/local/CrossPack-AVR-20131216/lib/gcc/avr/4.8.1/avr5/libgcc.a(_exit.o)
 *(.fini0)
                0x00004c3c                _etext = .

.data           0x00800100      0x11c load address 0x00004c3c
                0x00800100                PROVIDE (__data_start, .)
 *(.data)
 .data          0x00800100        0x0 /usr/local/CrossPack-AVR-20131216/lib/gcc/avr/4.8.1/../../../../avr/lib/avr5/crtm328p.o
 .data          0x00800100        0x0 main.o
 .data          0x00800100        0x0 uart.o
 .data          0x00800100        0x0 apdu.o
 .data          0x00800100        0x0 h_rp.o
 .data          0x00800100        0x0 device.o
 .data          0x00800100        0x0 av.o
 .data          0x00800100        0x0 bv.o
 .data          0x00800100        0x0 h_whois.o
 .data          0x00800100        0x0 h_wp.o
 .data          0x00800100        0x0 bip.o
 .data          0x00800100        0x0 bip-init.o
 .data          0x00800100        0x0 bvlc-arduino.o
 .data          0x00800100        0x0 ../../demo/handler/txbuf.o
 .data          0x00800100        0x0 ../../demo/handler/h_npdu.o
 .data          0x00800100        0x0 ../../demo/handler/s_iam.o
 .data          0x00800100        0x0 ../../demo/handler/noserv.o
 .data          0x00800100        0x0 ./libbacnet.a(npdu.o)
 .data          0x00800100        0x0 ./libbacnet.a(bacdcode.o)
 .data          0x00800100        0x0 ./libbacnet.a(bacint.o)
 .data          0x00800100        0x0 ./libbacnet.a(bacreal.o)
 .data          0x00800100        0x0 ./libbacnet.a(bacstr.o)
 .data          0x00800100        0x0 ./libbacnet.a(iam.o)
 .data          0x00800100        0x0 ./libbacnet.a(rp.o)
 .data          0x00800100        0x0 ./libbacnet.a(wp.o)
 .data          0x00800100        0x0 ./libbacnet.a(whois.o)
 .data          0x00800100        0x0 ./libbacnet.a(bacaddr.o)
 .data          0x00800100        0x0 ./libbacnet.a(abort.o)
 .data          0x00800100        0x0 ./libbacnet.a(reject.o)
 .data          0x00800100        0x0 ./libbacnet.a(bacerror.o)
 .data          0x00800100        0x0 ./libbacnet.a(bacapp.o)
 .data          0x00800100        0x0 external/Arduino/Ethernet/lib/libArduinoEthernet.a(w5100Wrapper.o)
 .data          0x00800100        0x0 external/Arduino/Ethernet/lib/libArduinoEthernet.a(socketWrapper.o)
 .data          0x00800100        0x0 external/Arduino/Ethernet/lib/libArduinoEthernet.a(socket.o)
 .data          0x00800100        0x0 external/Arduino/Ethernet/lib/libArduinoEthernet.a(w5100.o)
 .data          0x00800100        0x0 external/Arduino/Ethernet/lib/libArduinoEthernet.a(SPI.o)
 .data          0x00800100        0x0 external/Arduino/core/lib/libArduinoUnoCore.a(wiring_digital.c.o)
 .data          0x00800100        0x0 external/Arduino/core/lib/libArduinoUnoCore.a(wiring.c.o)
 .data          0x00800100        0x0 external/Arduino/core/lib/libArduinoUnoCore.a(new.cpp.o)
 .data          0x00800100        0x0 /usr/local/CrossPack-AVR-20131216/lib/gcc/avr/4.8.1/avr5/libgcc.a(_exit.o)
 .data          0x00800100        0x0 /usr/local/CrossPack-AVR-20131216/lib/gcc/avr/4.8.1/avr5/libgcc.a(_tablejump.o)
 .data          0x00800100        0x0 /usr/local/CrossPack-AVR-20131216/lib/gcc/avr/4.8.1/avr5/libgcc.a(_copy_data.o)
 .data          0x00800100        0x0 /usr/local/CrossPack-AVR-20131216/lib/gcc/avr/4.8.1/avr5/libgcc.a(_clear_bss.o)
 .data          0x00800100        0x0 /usr/local/CrossPack-AVR-20131216/lib/gcc/avr/4.8.1/avr5/libgcc.a(_prologue.o)
 .data          0x00800100        0x0 /usr/local/CrossPack-AVR-20131216/lib/gcc/avr/4.8.1/avr5/libgcc.a(_epilogue.o)
 .data          0x00800100        0x6 /usr/local/CrossPack-AVR-20131216/lib/gcc/avr/4.8.1/../../../../avr/lib/avr5/libc.a(malloc.o)
                0x00800100                __malloc_heap_end
                0x00800102                __malloc_heap_start
                0x00800104                __malloc_margin
 .data          0x00800106        0x0 /usr/local/CrossPack-AVR-20131216/lib/gcc/avr/4.8.1/../../../../avr/lib/avr5/libc.a(memcpy.o)
 .data          0x00800106        0x0 /usr/local/CrossPack-AVR-20131216/lib/gcc/avr/4.8.1/../../../../avr/lib/avr5/libc.a(fprintf.o)
 .data          0x00800106        0x0 /usr/local/CrossPack-AVR-20131216/lib/gcc/avr/4.8.1/../../../../avr/lib/avr5/libc.a(iob.o)
 .data          0x00800106        0x0 /usr/local/CrossPack-AVR-20131216/lib/gcc/avr/4.8.1/../../../../avr/lib/avr5/libc.a(vfprintf_std.o)
 .data          0x00800106        0x0 /usr/local/CrossPack-AVR-20131216/lib/gcc/avr/4.8.1/../../../../avr/lib/avr5/libc.a(strnlen_P.o)
 .data          0x00800106        0x0 /usr/local/CrossPack-AVR-20131216/lib/gcc/avr/4.8.1/../../../../avr/lib/avr5/libc.a(strnlen.o)
 .data          0x00800106        0x0 /usr/local/CrossPack-AVR-20131216/lib/gcc/avr/4.8.1/../../../../avr/lib/avr5/libc.a(fputc.o)
 .data          0x00800106        0x0 /usr/local/CrossPack-AVR-20131216/lib/gcc/avr/4.8.1/../../../../avr/lib/avr5/libc.a(ultoa_invert.o)
 *(.data*)
 .data.uart_input
                0x00800106        0xe main.o
                0x00800106                uart_input
 .data.uart_output
                0x00800114        0xe main.o
                0x00800114                uart_output
 .data.netmask  0x00800122        0x4 main.o
                0x00800122                netmask
 .data.gateway  0x00800126        0x4 main.o
                0x00800126                gateway
 .data.ipAddress
                0x0080012a        0x4 main.o
                0x0080012a                ipAddress
 .data.Ethernet_MAC_Address
                0x0080012e        0x7 main.o
 .data.Object_Name
                0x00800135       0x14 device.o
 .data.Object_Instance_Number
                0x00800149        0x4 device.o
 .data.text_string.4376
                0x0080014d        0x5 av.o
 .data.text_string.4375
                0x00800152        0x5 bv.o
 .data.BIP_Socket
                0x00800157        0x1 bip.o
 *(.rodata)
 *(.rodata*)
 .rodata.str1.1
                0x00800158       0x2f device.o
 .rodata.str1.1
                0x00800187       0x50 bip-init.o
 .rodata.str1.1
                0x008001d7       0x29 bvlc-arduino.o
 .rodata.CSWTCH.102
                0x00800200        0xc ./libbacnet.a(bacdcode.o)
 .rodata.CSWTCH.41
                0x0080020c        0x3 ./libbacnet.a(bacapp.o)
 .rodata.CSWTCH.40
                0x0080020f        0x4 ./libbacnet.a(bacapp.o)
 .rodata.CSWTCH.39
                0x00800213        0x9 ./libbacnet.a(bacapp.o)
 *(.gnu.linkonce.d*)
                0x0080021c                . = ALIGN (0x2)
                0x0080021c                _edata = .
                0x0080021c                PROVIDE (__data_end, .)

.bss            0x0080021c      0x1c1
                0x0080021c                PROVIDE (__bss_start, .)
 *(.bss)
 *(.bss*)
 .bss.PDUBuffer
                0x0080021c       0x82 main.o
 .bss.Present_Value
                0x0080029e        0x8 bv.o
 .bss.wp_data   0x008002a6       0x79 h_wp.o
 .bss.BIP_Broadcast_Address
                0x0080031f        0x4 bip.o
 .bss.BIP_Address
                0x00800323        0x4 bip.o
 .bss.BIP_Port  0x00800327        0x2 bip.o
 .bss.BIP_Debug
                0x00800329        0x1 bip-init.o
                0x00800329                BIP_Debug
 .bss.BVLC_Function_Code
                0x0080032a        0x2 bvlc-arduino.o
                0x0080032a                BVLC_Function_Code
 .bss.BVLC_Result_Code
                0x0080032c        0x2 bvlc-arduino.o
                0x0080032c                BVLC_Result_Code
 .bss.Handler_Transmit_Buffer
                0x0080032e       0x7e ../../demo/handler/txbuf.o
                0x0080032e                Handler_Transmit_Buffer
 .bss._ZL10local_port
                0x008003ac        0x2 external/Arduino/Ethernet/lib/libArduinoEthernet.a(socket.o)
 .bss.W5100     0x008003ae       0x10 external/Arduino/Ethernet/lib/libArduinoEthernet.a(w5100.o)
                0x008003ae                W5100
 .bss.timer0_overflow_count
                0x008003be        0x4 external/Arduino/core/lib/libArduinoUnoCore.a(wiring.c.o)
                0x008003be                timer0_overflow_count
 .bss.timer0_millis
                0x008003c2        0x4 external/Arduino/core/lib/libArduinoUnoCore.a(wiring.c.o)
                0x008003c2                timer0_millis
 .bss.timer0_fract
                0x008003c6        0x1 external/Arduino/core/lib/libArduinoUnoCore.a(wiring.c.o)
 *(COMMON)
 COMMON         0x008003c7       0x10 av.o
                0x008003c7                AV_Present_Value
 COMMON         0x008003d7        0x6 /usr/local/CrossPack-AVR-20131216/lib/gcc/avr/4.8.1/../../../../avr/lib/avr5/libc.a(iob.o)
                0x008003d7                __iob
                0x008003dd                PROVIDE (__bss_end, .)
                0x00004c3c                __data_load_start = LOADADDR (.data)
                0x00004d58                __data_load_end = (__data_load_start + SIZEOF (.data))

.noinit         0x008003dd        0x0
                0x008003dd                PROVIDE (__noinit_start, .)
 *(.noinit*)
                0x008003dd                PROVIDE (__noinit_end, .)
                0x008003dd                _end = .
                0x008003dd                PROVIDE (__heap_start, .)

.eeprom         0x00810000        0x0
 *(.eeprom*)
                0x00810000                __eeprom_end = .

.fuse
 *(.fuse)
 *(.lfuse)
 *(.hfuse)
 *(.efuse)

.lock
 *(.lock*)

.signature
 *(.signature*)

.user_signatures
 *(.user_signatures*)

.stab           0x00000000     0xe6ac
 *(.stab)
 .stab          0x00000000     0x1680 main.o
                               0x16a4 (size before relaxing)
 .stab          0x00001680      0x3cc uart.o
                                0x51c (size before relaxing)
 .stab          0x00001a4c      0x774 apdu.o
                               0x15a8 (size before relaxing)
 .stab          0x000021c0      0x63c h_rp.o
                               0x1314 (size before relaxing)
 .stab          0x000027fc      0xb70 device.o
                               0x1860 (size before relaxing)
 .stab          0x0000336c      0x774 av.o
                               0x12cc (size before relaxing)
 .stab          0x00003ae0      0x7d4 bv.o
                               0x13a4 (size before relaxing)
 .stab          0x000042b4      0x660 h_whois.o
                               0x1500 (size before relaxing)
 .stab          0x00004914      0x4bc h_wp.o
                               0x11a0 (size before relaxing)
 .stab          0x00004dd0      0x9fc bip.o
                               0x16bc (size before relaxing)
 .stab          0x000057cc      0x51c bip-init.o
                               0x1164 (size before relaxing)
 .stab          0x00005ce8      0x4ec bvlc-arduino.o
                                0xf60 (size before relaxing)
 .stab          0x000061d4      0x2d0 ../../demo/handler/txbuf.o
                                0xc54 (size before relaxing)
 .stab          0x000064a4      0x4f8 ../../demo/handler/h_npdu.o
                               0x1488 (size before relaxing)
 .stab          0x0000699c      0x6fc ../../demo/handler/s_iam.o
                               0x1740 (size before relaxing)
 .stab          0x00007098      0x4b0 ../../demo/handler/noserv.o
                               0x1404 (size before relaxing)
 .stab          0x00007548      0x8dc ./libbacnet.a(npdu.o)
                               0x1488 (size before relaxing)
 .stab          0x00007e24     0x183c ./libbacnet.a(bacdcode.o)
                               0x42fc (size before relaxing)
 .stab          0x00009660      0x4a4 ./libbacnet.a(bacint.o)
                                0x888 (size before relaxing)
 .stab          0x00009b04      0x3cc ./libbacnet.a(bacreal.o)
                               0x1158 (size before relaxing)
 .stab          0x00009ed0      0x8dc ./libbacnet.a(bacstr.o)
                               0x2580 (size before relaxing)
 .stab          0x0000a7ac      0x3d8 ./libbacnet.a(iam.o)
                               0x114c (size before relaxing)
 .stab          0x0000ab84      0x60c ./libbacnet.a(rp.o)
                               0x1458 (size before relaxing)
 .stab          0x0000b190      0x5c4 ./libbacnet.a(wp.o)
                               0x129c (size before relaxing)
 .stab          0x0000b754      0x480 ./libbacnet.a(whois.o)
                                0xf90 (size before relaxing)
 .stab          0x0000bbd4      0x27c ./libbacnet.a(bacaddr.o)
                                0xd80 (size before relaxing)
 .stab          0x0000be50      0x378 ./libbacnet.a(abort.o)
                                0xeb8 (size before relaxing)
 .stab          0x0000c1c8      0x354 ./libbacnet.a(reject.o)
                                0xe94 (size before relaxing)
 .stab          0x0000c51c      0x354 ./libbacnet.a(bacerror.o)
                                0xfd8 (size before relaxing)
 .stab          0x0000c870      0xbd0 ./libbacnet.a(bacapp.o)
                               0x1f2c (size before relaxing)
 .stab          0x0000d440      0xa08 external/Arduino/core/lib/libArduinoUnoCore.a(wiring_digital.c.o)
                                0xb94 (size before relaxing)
 .stab          0x0000de48      0x654 external/Arduino/core/lib/libArduinoUnoCore.a(wiring.c.o)
                                0xb58 (size before relaxing)
 .stab          0x0000e49c      0x210 external/Arduino/core/lib/libArduinoUnoCore.a(new.cpp.o)
                                0x3cc (size before relaxing)

.stabstr        0x00000000    0x1994f
 *(.stabstr)
 .stabstr       0x00000000    0x1994f main.o

.stab.excl
 *(.stab.excl)

.stab.exclstr
 *(.stab.exclstr)

.stab.index
 *(.stab.index)

.stab.indexstr
 *(.stab.indexstr)

.comment        0x00000000       0x22
 *(.comment)
 .comment       0x00000000       0x11 main.o
                                 0x12 (size before relaxing)
 .comment       0x00000000       0x12 uart.o
 .comment       0x00000000       0x12 apdu.o
 .comment       0x00000000       0x12 h_rp.o
 .comment       0x00000000       0x12 device.o
 .comment       0x00000000       0x12 av.o
 .comment       0x00000000       0x12 bv.o
 .comment       0x00000000       0x12 h_whois.o
 .comment       0x00000000       0x12 h_wp.o
 .comment       0x00000000       0x12 bip.o
 .comment       0x00000000       0x12 bip-init.o
 .comment       0x00000000       0x12 bvlc-arduino.o
 .comment       0x00000000       0x12 ../../demo/handler/txbuf.o
 .comment       0x00000000       0x12 ../../demo/handler/h_npdu.o
 .comment       0x00000000       0x12 ../../demo/handler/s_iam.o
 .comment       0x00000000       0x12 ../../demo/handler/noserv.o
 .comment       0x00000000       0x12 ./libbacnet.a(npdu.o)
 .comment       0x00000000       0x12 ./libbacnet.a(bacdcode.o)
 .comment       0x00000000       0x12 ./libbacnet.a(bacint.o)
 .comment       0x00000000       0x12 ./libbacnet.a(bacreal.o)
 .comment       0x00000000       0x12 ./libbacnet.a(bacstr.o)
 .comment       0x00000000       0x12 ./libbacnet.a(iam.o)
 .comment       0x00000000       0x12 ./libbacnet.a(rp.o)
 .comment       0x00000000       0x12 ./libbacnet.a(wp.o)
 .comment       0x00000000       0x12 ./libbacnet.a(whois.o)
 .comment       0x00000000       0x12 ./libbacnet.a(bacaddr.o)
 .comment       0x00000000       0x12 ./libbacnet.a(abort.o)
 .comment       0x00000000       0x12 ./libbacnet.a(reject.o)
 .comment       0x00000000       0x12 ./libbacnet.a(bacerror.o)
 .comment       0x00000000       0x12 ./libbacnet.a(bacapp.o)
 .comment       0x00000011       0x11 external/Arduino/Ethernet/lib/libArduinoEthernet.a(w5100Wrapper.o)
                                 0x12 (size before relaxing)
 .comment       0x00000000       0x12 external/Arduino/Ethernet/lib/libArduinoEthernet.a(socketWrapper.o)
 .comment       0x00000000       0x12 external/Arduino/Ethernet/lib/libArduinoEthernet.a(socket.o)
 .comment       0x00000000       0x12 external/Arduino/Ethernet/lib/libArduinoEthernet.a(w5100.o)
 .comment       0x00000000       0x12 external/Arduino/Ethernet/lib/libArduinoEthernet.a(SPI.o)
 .comment       0x00000000       0x12 /usr/local/CrossPack-AVR-20131216/lib/gcc/avr/4.8.1/../../../../avr/lib/avr5/libc.a(malloc.o)
 .comment       0x00000000       0x12 /usr/local/CrossPack-AVR-20131216/lib/gcc/avr/4.8.1/../../../../avr/lib/avr5/libc.a(fprintf.o)
 .comment       0x00000000       0x12 /usr/local/CrossPack-AVR-20131216/lib/gcc/avr/4.8.1/../../../../avr/lib/avr5/libc.a(iob.o)
 .comment       0x00000000       0x12 /usr/local/CrossPack-AVR-20131216/lib/gcc/avr/4.8.1/../../../../avr/lib/avr5/libc.a(vfprintf_std.o)
 .comment       0x00000000       0x12 /usr/local/CrossPack-AVR-20131216/lib/gcc/avr/4.8.1/../../../../avr/lib/avr5/libc.a(fputc.o)

.debug
 *(.debug)

.line
 *(.line)

.debug_srcinfo
 *(.debug_srcinfo)

.debug_sfnames
 *(.debug_sfnames)

.debug_aranges  0x00000000      0x508
 *(.debug_aranges)
 .debug_aranges
                0x00000000      0x220 external/Arduino/Ethernet/lib/libArduinoEthernet.a(w5100Wrapper.o)
 .debug_aranges
                0x00000220       0x70 external/Arduino/Ethernet/lib/libArduinoEthernet.a(socketWrapper.o)
 .debug_aranges
                0x00000290       0xc8 external/Arduino/Ethernet/lib/libArduinoEthernet.a(socket.o)
 .debug_aranges
                0x00000358       0xb0 external/Arduino/Ethernet/lib/libArduinoEthernet.a(w5100.o)
 .debug_aranges
                0x00000408       0x40 external/Arduino/Ethernet/lib/libArduinoEthernet.a(SPI.o)
 .debug_aranges
                0x00000448       0x20 /usr/local/CrossPack-AVR-20131216/lib/gcc/avr/4.8.1/avr5/libgcc.a(_exit.o)
 .debug_aranges
                0x00000468       0x20 /usr/local/CrossPack-AVR-20131216/lib/gcc/avr/4.8.1/avr5/libgcc.a(_tablejump.o)
 .debug_aranges
                0x00000488       0x20 /usr/local/CrossPack-AVR-20131216/lib/gcc/avr/4.8.1/avr5/libgcc.a(_copy_data.o)
 .debug_aranges
                0x000004a8       0x20 /usr/local/CrossPack-AVR-20131216/lib/gcc/avr/4.8.1/avr5/libgcc.a(_clear_bss.o)
 .debug_aranges
                0x000004c8       0x20 /usr/local/CrossPack-AVR-20131216/lib/gcc/avr/4.8.1/avr5/libgcc.a(_prologue.o)
 .debug_aranges
                0x000004e8       0x20 /usr/local/CrossPack-AVR-20131216/lib/gcc/avr/4.8.1/avr5/libgcc.a(_epilogue.o)

.debug_pubnames
 *(.debug_pubnames)

.debug_info     0x00000000     0x6d8e
 *(.debug_info)
 .debug_info    0x00000000     0x2526 external/Arduino/Ethernet/lib/libArduinoEthernet.a(w5100Wrapper.o)
 .debug_info    0x00002526      0x789 external/Arduino/Ethernet/lib/libArduinoEthernet.a(socketWrapper.o)
 .debug_info    0x00002caf     0x1dfe external/Arduino/Ethernet/lib/libArduinoEthernet.a(socket.o)
 .debug_info    0x00004aad     0x1b56 external/Arduino/Ethernet/lib/libArduinoEthernet.a(w5100.o)
 .debug_info    0x00006603      0x317 external/Arduino/Ethernet/lib/libArduinoEthernet.a(SPI.o)
 .debug_info    0x0000691a       0xbe /usr/local/CrossPack-AVR-20131216/lib/gcc/avr/4.8.1/avr5/libgcc.a(_exit.o)
 .debug_info    0x000069d8       0xbe /usr/local/CrossPack-AVR-20131216/lib/gcc/avr/4.8.1/avr5/libgcc.a(_tablejump.o)
 .debug_info    0x00006a96       0xbe /usr/local/CrossPack-AVR-20131216/lib/gcc/avr/4.8.1/avr5/libgcc.a(_copy_data.o)
 .debug_info    0x00006b54       0xbe /usr/local/CrossPack-AVR-20131216/lib/gcc/avr/4.8.1/avr5/libgcc.a(_clear_bss.o)
 .debug_info    0x00006c12       0xbe /usr/local/CrossPack-AVR-20131216/lib/gcc/avr/4.8.1/avr5/libgcc.a(_prologue.o)
 .debug_info    0x00006cd0       0xbe /usr/local/CrossPack-AVR-20131216/lib/gcc/avr/4.8.1/avr5/libgcc.a(_epilogue.o)
 *(.gnu.linkonce.wi.*)

.debug_abbrev   0x00000000      0xf58
 *(.debug_abbrev)
 .debug_abbrev  0x00000000      0x3c3 external/Arduino/Ethernet/lib/libArduinoEthernet.a(w5100Wrapper.o)
 .debug_abbrev  0x000003c3      0x12d external/Arduino/Ethernet/lib/libArduinoEthernet.a(socketWrapper.o)
 .debug_abbrev  0x000004f0      0x437 external/Arduino/Ethernet/lib/libArduinoEthernet.a(socket.o)
 .debug_abbrev  0x00000927      0x448 external/Arduino/Ethernet/lib/libArduinoEthernet.a(w5100.o)
 .debug_abbrev  0x00000d6f      0x171 external/Arduino/Ethernet/lib/libArduinoEthernet.a(SPI.o)
 .debug_abbrev  0x00000ee0       0x14 /usr/local/CrossPack-AVR-20131216/lib/gcc/avr/4.8.1/avr5/libgcc.a(_exit.o)
 .debug_abbrev  0x00000ef4       0x14 /usr/local/CrossPack-AVR-20131216/lib/gcc/avr/4.8.1/avr5/libgcc.a(_tablejump.o)
 .debug_abbrev  0x00000f08       0x14 /usr/local/CrossPack-AVR-20131216/lib/gcc/avr/4.8.1/avr5/libgcc.a(_copy_data.o)
 .debug_abbrev  0x00000f1c       0x14 /usr/local/CrossPack-AVR-20131216/lib/gcc/avr/4.8.1/avr5/libgcc.a(_clear_bss.o)
 .debug_abbrev  0x00000f30       0x14 /usr/local/CrossPack-AVR-20131216/lib/gcc/avr/4.8.1/avr5/libgcc.a(_prologue.o)
 .debug_abbrev  0x00000f44       0x14 /usr/local/CrossPack-AVR-20131216/lib/gcc/avr/4.8.1/avr5/libgcc.a(_epilogue.o)

.debug_line     0x00000000     0x10f1
 *(.debug_line)
 .debug_line    0x00000000      0x56e external/Arduino/Ethernet/lib/libArduinoEthernet.a(w5100Wrapper.o)
 .debug_line    0x0000056e      0x178 external/Arduino/Ethernet/lib/libArduinoEthernet.a(socketWrapper.o)
 .debug_line    0x000006e6      0x3a1 external/Arduino/Ethernet/lib/libArduinoEthernet.a(socket.o)
 .debug_line    0x00000a87      0x30c external/Arduino/Ethernet/lib/libArduinoEthernet.a(w5100.o)
 .debug_line    0x00000d93      0x104 external/Arduino/Ethernet/lib/libArduinoEthernet.a(SPI.o)
 .debug_line    0x00000e97       0x58 /usr/local/CrossPack-AVR-20131216/lib/gcc/avr/4.8.1/avr5/libgcc.a(_exit.o)
 .debug_line    0x00000eef       0x5c /usr/local/CrossPack-AVR-20131216/lib/gcc/avr/4.8.1/avr5/libgcc.a(_tablejump.o)
 .debug_line    0x00000f4b       0x61 /usr/local/CrossPack-AVR-20131216/lib/gcc/avr/4.8.1/avr5/libgcc.a(_copy_data.o)
 .debug_line    0x00000fac       0x5e /usr/local/CrossPack-AVR-20131216/lib/gcc/avr/4.8.1/avr5/libgcc.a(_clear_bss.o)
 .debug_line    0x0000100a       0x74 /usr/local/CrossPack-AVR-20131216/lib/gcc/avr/4.8.1/avr5/libgcc.a(_prologue.o)
 .debug_line    0x0000107e       0x73 /usr/local/CrossPack-AVR-20131216/lib/gcc/avr/4.8.1/avr5/libgcc.a(_epilogue.o)

.debug_frame    0x00000000      0xa74
 *(.debug_frame)
 .debug_frame   0x00000000      0x44c external/Arduino/Ethernet/lib/libArduinoEthernet.a(w5100Wrapper.o)
 .debug_frame   0x0000044c       0xdc external/Arduino/Ethernet/lib/libArduinoEthernet.a(socketWrapper.o)
 .debug_frame   0x00000528      0x27c external/Arduino/Ethernet/lib/libArduinoEthernet.a(socket.o)
 .debug_frame   0x000007a4      0x26c external/Arduino/Ethernet/lib/libArduinoEthernet.a(w5100.o)
 .debug_frame   0x00000a10       0x64 external/Arduino/Ethernet/lib/libArduinoEthernet.a(SPI.o)

.debug_str      0x00000000     0x18c0
 *(.debug_str)
 .debug_str     0x00000000     0x152c external/Arduino/Ethernet/lib/libArduinoEthernet.a(w5100Wrapper.o)
                               0x1650 (size before relaxing)
 .debug_str     0x0000152c      0x169 external/Arduino/Ethernet/lib/libArduinoEthernet.a(socketWrapper.o)
                                0x290 (size before relaxing)
 .debug_str     0x00001695       0x8b external/Arduino/Ethernet/lib/libArduinoEthernet.a(socket.o)
                               0x12f2 (size before relaxing)
 .debug_str     0x00001720      0x170 external/Arduino/Ethernet/lib/libArduinoEthernet.a(w5100.o)
                               0x12ef (size before relaxing)
 .debug_str     0x00001890       0x30 external/Arduino/Ethernet/lib/libArduinoEthernet.a(SPI.o)
                                0x240 (size before relaxing)

.debug_loc      0x00000000     0x2cf4
 *(.debug_loc)
 .debug_loc     0x00000000      0x891 external/Arduino/Ethernet/lib/libArduinoEthernet.a(w5100Wrapper.o)
 .debug_loc     0x00000891      0x4b7 external/Arduino/Ethernet/lib/libArduinoEthernet.a(socketWrapper.o)
 .debug_loc     0x00000d48     0x10e6 external/Arduino/Ethernet/lib/libArduinoEthernet.a(socket.o)
 .debug_loc     0x00001e2e      0xe6b external/Arduino/Ethernet/lib/libArduinoEthernet.a(w5100.o)
 .debug_loc     0x00002c99       0x5b external/Arduino/Ethernet/lib/libArduinoEthernet.a(SPI.o)

.debug_macinfo
 *(.debug_macinfo)

.debug_pubtypes
 *(.debug_pubtypes)

.debug_ranges   0x00000000      0x3f8
 *(.debug_ranges)
 .debug_ranges  0x00000000      0x210 external/Arduino/Ethernet/lib/libArduinoEthernet.a(w5100Wrapper.o)
 .debug_ranges  0x00000210       0x60 external/Arduino/Ethernet/lib/libArduinoEthernet.a(socketWrapper.o)
 .debug_ranges  0x00000270       0xb8 external/Arduino/Ethernet/lib/libArduinoEthernet.a(socket.o)
 .debug_ranges  0x00000328       0xa0 external/Arduino/Ethernet/lib/libArduinoEthernet.a(w5100.o)
 .debug_ranges  0x000003c8       0x30 external/Arduino/Ethernet/lib/libArduinoEthernet.a(SPI.o)

.debug_macro
 *(.debug_macro)
OUTPUT(bacnet.elf elf32-avr)
LOAD linker stubs
